Using module 'tb' as top module
[mox-sim] Found 3 LLHD processes, 0 LLHD finals, 0 seq.initial blocks, and 1 hw.instance ops (out of 226 total ops) in module
[mox-sim] Registered 5 LLHD signals and 4 LLHD processes/initial blocks
[mox-sim] Receipt: INIT_COMPLETE_OK execution_failure=0 process_dispatches=0
[mox-sim] Starting simulation
wrote:  we=1 addr=4 wdata=58 rdata=x
read:   we=0 addr=4 wdata=58 rdata=58
wrote:  we=1 addr=b wdata=c8 rdata=x
read:   we=0 addr=b wdata=c8 rdata=c8
PASS
[mox-sim] Simulation finished at time 36000000 fs
[mox-sim] Simulation completed at time 36000000 fs
[mox-sim] Simulation completed
mox-run wall guards: compile=25000ms simulation=disabled
[mox-run] parse (8ms, total: 8ms)
[mox-run] lower (9ms, total: 18ms)
[mox-run] simulate (0ms, total: 19ms)
[mox-sim] Auto-enabling --skip-passes for module marked mox.sim.preprocessed
[mox-sim] Stage: passes (prev: 0ms, total: 0ms)
[mox-sim] Stage: init (prev: 0ms, total: 0ms)
[mox-sim] Stage: run (prev: 2ms, total: 2ms)
[mox-sim] sim.terminate triggered in process ID 4 at loc("/var/tmp/thomas-ahle/sv-tutorial/src/lessons/sv/interfaces/tb.sv":35:5 to :13)
[mox-sim] Simulation terminated at time 36000000 fs (success=true, verbose=true)
[mox-sim] Main loop exit: shouldContinue()=false at time 36000000 fs, iter=12, deltas=1
