[mox-sim] Found 1 LLHD processes, 0 LLHD finals, 0 seq.initial blocks, and 0 hw.instance ops (out of 478 total ops) in module
[mox-sim] Registered 2 LLHD signals and 1 LLHD processes/initial blocks
[mox-sim] Receipt: INIT_COMPLETE_OK execution_failure=0 process_dispatches=0
[mox-sim] Starting simulation
=== low_bank (addr 0-7) ===
  addr=7  we=1
  addr=0  we=0
  addr=2  we=1
  addr=4  we=0
=== high_bank override (addr 8-15) ===
  addr=9  we=1
  addr=9  we=0
  addr=11  we=0
  addr=10  we=0
=== no constraint (addr 0-15) ===
  addr=7  we=0
  addr=14  we=1
  addr=13  we=1
  addr=13  we=1
PASS
[mox-sim] Simulation completed at time 0 fs
[mox-sim] Simulation completed
mox-run wall guards: compile=25000ms simulation=disabled
[mox-run] parse (6ms, total: 6ms)
[mox-run] lower (12ms, total: 19ms)
[mox-run] simulate (1ms, total: 20ms)
[mox-sim] Auto-enabling --skip-passes for module marked mox.sim.preprocessed
[mox-sim] Stage: passes (prev: 0ms, total: 0ms)
[mox-sim] Stage: init (prev: 0ms, total: 0ms)
[mox-sim] Stage: run (prev: 1ms, total: 1ms)
