Using module 'tb' as top module
[mox-sim] Found 5 LLHD processes, 0 LLHD finals, 0 seq.initial blocks, and 2 hw.instance ops (out of 183 total ops) in module
[mox-sim] Registered 23 LLHD signals and 9 LLHD processes/initial blocks
[mox-sim] Receipt: INIT_COMPLETE_OK execution_failure=0 process_dispatches=0
[mox-sim] Starting simulation
IDLE:  ready=1 (expect 1)
WRITE: sram_we=1 (expect 1)
IDLE:  ready=1 (expect 1)
READ:  sram_we=0 (expect 0)
PASS
[mox-sim] Simulation finished at time 36000000 fs
[mox-sim] Simulation completed at time 36000000 fs
[mox-sim] Simulation completed
mox-run wall guards: compile=25000ms simulation=disabled
[mox-run] parse (10ms, total: 10ms)
[mox-run] lower (9ms, total: 19ms)
[mox-run] simulate (0ms, total: 20ms)
[mox-sim] Auto-enabling --skip-passes for module marked mox.sim.preprocessed
[mox-sim] Stage: passes (prev: 0ms, total: 0ms)
[mox-sim] Stage: init (prev: 0ms, total: 0ms)
[mox-sim] Stage: run (prev: 1ms, total: 2ms)
[mox-sim] sim.terminate triggered in process ID 9 at loc("/var/tmp/thomas-ahle/sv-tutorial/src/lessons/sv/fsm/tb.sv":53:5 to :13)
[mox-sim] Simulation terminated at time 36000000 fs (success=true, verbose=true)
[mox-sim] Main loop exit: shouldContinue()=false at time 36000000 fs, iter=12, deltas=1
