Using module 'tb' as top module
[mox-sim] Found 7 LLHD processes, 0 LLHD finals, 0 seq.initial blocks, and 1 hw.instance ops (out of 537 total ops) in module
[mox-sim] Registered 9 LLHD signals and 8 LLHD processes/initial blocks
[mox-sim] Receipt: INIT_COMPLETE_OK execution_failure=0 process_dispatches=0
[mox-sim] Starting simulation
mem[5] = 42  parity=1 (expect 42, parity=1)
mem[0] = 255  parity=0 (expect 255, parity=0)
mem[12] = 100  parity=1 (expect 100, parity=1)
PASS
[mox-sim] Simulation finished at time 56000000 fs
[mox-sim] Simulation completed at time 56000000 fs
[mox-sim] Simulation completed
mox-run wall guards: compile=25000ms simulation=disabled
[mox-run] parse (8ms, total: 8ms)
[mox-run] lower (11ms, total: 20ms)
[mox-run] simulate (1ms, total: 21ms)
[mox-sim] Auto-enabling --skip-passes for module marked mox.sim.preprocessed
[mox-sim] Stage: passes (prev: 0ms, total: 0ms)
[mox-sim] Stage: init (prev: 0ms, total: 0ms)
[mox-sim] Stage: run (prev: 3ms, total: 3ms)
[mox-sim] sim.terminate triggered in process ID 7 at loc("/var/tmp/thomas-ahle/sv-tutorial/src/lessons/sv/tasks-functions/tb.sol.sv":62:5 to :13)
[mox-sim] Simulation terminated at time 56000000 fs (success=true, verbose=true)
[mox-sim] Main loop exit: shouldContinue()=false at time 56000000 fs, iter=18, deltas=1
