[mox-sim] Found 1 LLHD processes, 0 LLHD finals, 0 seq.initial blocks, and 0 hw.instance ops (out of 77 total ops) in module
[mox-sim] Registered 8 LLHD signals and 1 LLHD processes/initial blocks
[mox-sim] Receipt: INIT_COMPLETE_OK execution_failure=0 process_dispatches=0
[mox-sim] Starting simulation
count = -100  OK
data  = X     OK
mem[]  = {AB,12}  OK
PASS
[mox-sim] Simulation finished at time 0 fs
[mox-sim] Simulation completed at time 0 fs
[mox-sim] Simulation completed
mox-run wall guards: compile=25000ms simulation=disabled
[mox-run] parse (9ms, total: 9ms)
[mox-run] lower (6ms, total: 15ms)
[mox-run] simulate (0ms, total: 16ms)
[mox-sim] Auto-enabling --skip-passes for module marked mox.sim.preprocessed
[mox-sim] Stage: passes (prev: 0ms, total: 0ms)
[mox-sim] Stage: init (prev: 0ms, total: 0ms)
[mox-sim] Stage: run (prev: 1ms, total: 1ms)
[mox-sim] sim.terminate triggered in process ID 1 at loc("/var/tmp/thomas-ahle/sv-tutorial/src/lessons/sv/data-types/data_types.sol.sv":35:5 to :13)
[mox-sim] Simulation terminated at time 0 fs (success=true, verbose=true)
[mox-sim] Main loop exit: shouldContinue()=false at time 0 fs, iter=1, deltas=1
