[mox-sim] Found 1 LLHD processes, 0 LLHD finals, 0 seq.initial blocks, and 0 hw.instance ops (out of 91 total ops) in module
[mox-sim] Registered 0 LLHD signals and 1 LLHD processes/initial blocks
[mox-sim] Receipt: INIT_COMPLETE_OK execution_failure=0 process_dispatches=0
[mox-sim] Starting simulation
--- fork...join ---
[10 ns] thread B (10 ns)
[20 ns] thread C (20 ns)
[30 ns] thread A (30 ns)
all done at 30 ns
--- fork...join_any ---
[40 ns] thread B (10 ns)
first done at 40 ns
--- fork...join_none ---
parent continues at 40 ns
[50 ns] thread C (20 ns)
[60 ns] thread A (30 ns)
[60 ns] background (20 ns)
PASS
[mox-sim] Simulation completed at time 90000000 fs
[mox-sim] Simulation completed
mox-run wall guards: compile=25000ms simulation=disabled
[mox-run] parse (5ms, total: 5ms)
[mox-run] lower (6ms, total: 11ms)
[mox-run] simulate (0ms, total: 12ms)
[mox-sim] Auto-enabling --skip-passes for module marked mox.sim.preprocessed
[mox-sim] Stage: passes (prev: 0ms, total: 0ms)
[mox-sim] Stage: init (prev: 0ms, total: 0ms)
[mox-sim] Stage: run (prev: 1ms, total: 1ms)
