Using module 'tb' as top module
[mox-sim] Found 3 LLHD processes, 0 LLHD finals, 0 seq.initial blocks, and 1 hw.instance ops (out of 127 total ops) in module
[mox-sim] Registered 9 LLHD signals and 4 LLHD processes/initial blocks
[mox-sim] Receipt: INIT_COMPLETE_OK execution_failure=0 process_dispatches=0
[mox-sim] Starting simulation
mem[3] = 55 (expect 55)
mem[5] = 77 (expect 77)
PASS
[mox-sim] Simulation finished at time 36000000 fs
[mox-sim] Simulation completed at time 36000000 fs
[mox-sim] Simulation completed
mox-run wall guards: compile=25000ms simulation=disabled
[mox-run] parse (7ms, total: 7ms)
[mox-run] lower (7ms, total: 14ms)
[mox-run] simulate (1ms, total: 15ms)
[mox-sim] Auto-enabling --skip-passes for module marked mox.sim.preprocessed
[mox-sim] Stage: passes (prev: 0ms, total: 0ms)
[mox-sim] Stage: init (prev: 0ms, total: 0ms)
[mox-sim] Stage: run (prev: 1ms, total: 1ms)
[mox-sim] sim.terminate triggered in process ID 4 at loc("/var/tmp/thomas-ahle/sv-tutorial/src/lessons/sv/packed-structs/tb.sv":36:5 to :13)
[mox-sim] Simulation terminated at time 36000000 fs (success=true, verbose=true)
[mox-sim] Main loop exit: shouldContinue()=false at time 36000000 fs, iter=12, deltas=1
