Using module 'tb' as top module
[mox-sim] Found 3 LLHD processes, 0 LLHD finals, 0 seq.initial blocks, and 1 hw.instance ops (out of 234 total ops) in module
[mox-sim] Registered 11 LLHD signals and 4 LLHD processes/initial blocks
[mox-sim] Receipt: INIT_COMPLETE_OK execution_failure=0 process_dispatches=0
[mox-sim] Starting simulation
PASS rst_n=0 holds count=0: count=0
PASS counted 4: count=4 (expect 4)
PASS en=0 freezes count: count=4 (expect 4)
PASS sync reset clears to 0: count=0
PASS
[mox-sim] Simulation finished at time 106000000 fs
[mox-sim] Simulation completed at time 106000000 fs
[mox-sim] Simulation completed
mox-run wall guards: compile=25000ms simulation=disabled
[mox-run] parse (8ms, total: 8ms)
[mox-run] lower (10ms, total: 18ms)
[mox-run] simulate (0ms, total: 19ms)
[mox-sim] Auto-enabling --skip-passes for module marked mox.sim.preprocessed
[mox-sim] Stage: passes (prev: 0ms, total: 0ms)
[mox-sim] Stage: init (prev: 0ms, total: 0ms)
[mox-sim] Stage: run (prev: 1ms, total: 1ms)
[mox-sim] sim.terminate triggered in process ID 4 at loc("/var/tmp/thomas-ahle/sv-tutorial/src/lessons/sv/counter/tb.sv":42:5 to :13)
[mox-sim] Simulation terminated at time 106000000 fs (success=true, verbose=true)
[mox-sim] Main loop exit: shouldContinue()=false at time 106000000 fs, iter=26, deltas=1
