Using module 'tb' as top module
[mox-sim] Found 3 LLHD processes, 0 LLHD finals, 0 seq.initial blocks, and 1 hw.instance ops (out of 291 total ops) in module
[mox-sim] Registered 10 LLHD signals and 4 LLHD processes/initial blocks
[mox-sim] Receipt: INIT_COMPLETE_OK execution_failure=0 process_dispatches=0
[mox-sim] Starting simulation
PASS IDLE:  reading=0 writing=0
PASS READ:  reading=1 writing=0
PASS WRITE: reading=0 writing=1
PASS CMD:   reading=0 writing=0
PASS
[mox-sim] Simulation finished at time 4000000 fs
[mox-sim] Simulation completed at time 4000000 fs
[mox-sim] Simulation completed
mox-run wall guards: compile=25000ms simulation=disabled
[mox-run] parse (7ms, total: 7ms)
[mox-run] lower (10ms, total: 18ms)
[mox-run] simulate (0ms, total: 18ms)
[mox-sim] Auto-enabling --skip-passes for module marked mox.sim.preprocessed
[mox-sim] Stage: passes (prev: 0ms, total: 0ms)
[mox-sim] Stage: init (prev: 0ms, total: 0ms)
[mox-sim] Stage: run (prev: 1ms, total: 1ms)
[mox-sim] sim.terminate triggered in process ID 4 at loc("/var/tmp/thomas-ahle/sv-tutorial/src/lessons/sv/enums/tb.sv":31:5 to :13)
[mox-sim] Simulation terminated at time 4000000 fs (success=true, verbose=true)
[mox-sim] Main loop exit: shouldContinue()=false at time 4000000 fs, iter=5, deltas=1
