Using module 'tb' as top module
[mox-sim] Found 2 LLHD processes, 0 LLHD finals, 0 seq.initial blocks, and 1 hw.instance ops (out of 95 total ops) in module
[mox-sim] Registered 10 LLHD signals and 2 LLHD processes/initial blocks
[mox-sim] Receipt: INIT_COMPLETE_OK execution_failure=0 process_dispatches=0
[mox-sim] Starting simulation
PASS
[mox-sim] Simulation finished at time 76000000 fs
[mox-sim] Simulation completed at time 76000000 fs
[mox-sim] Simulation finished with exit code 1
mox-run wall guards: compile=25000ms simulation=disabled
[mox-run] parse (7ms, total: 7ms)
[mox-run] lower (7ms, total: 15ms)
[mox-run] simulate (0ms, total: 16ms)
[mox-sim] Auto-enabling --skip-passes for module marked mox.sim.preprocessed
[mox-sim] Stage: passes (prev: 0ms, total: 0ms)
[mox-sim] Stage: init (prev: 0ms, total: 0ms)
[mox-sim] Stage: run (prev: 1ms, total: 1ms)
[mox-sim] SVA assertion failed: we_a at time 55000000 fs (loc("/var/tmp/thomas-ahle/sv-tutorial/src/lessons/sva/isunknown/xcheck.sol.sv":23:3 to :40))
[mox-sim] SVA assertion failed: addr_a at time 65000000 fs (loc("/var/tmp/thomas-ahle/sv-tutorial/src/lessons/sva/isunknown/xcheck.sol.sv":24:3 to :42))
[mox-sim] SVA assertion failed: rdata_a at time 75000000 fs (loc("/var/tmp/thomas-ahle/sv-tutorial/src/lessons/sva/isunknown/xcheck.sol.sv":25:3 to :43))
[mox-sim] sim.terminate triggered in process ID 5 at loc("/var/tmp/thomas-ahle/sv-tutorial/src/lessons/sva/isunknown/tb.sv":33:5 to :13)
[mox-sim] Simulation terminated at time 76000000 fs (success=true, verbose=true)
[mox-sim] Main loop exit: shouldContinue()=false at time 76000000 fs, iter=24, deltas=1
[mox-sim] 3 SVA assertion failure(s)
