mox-run wall guards: compile=25000ms simulation=disabled
[mox-run] parse (7ms, total: 7ms)
[mox-run] lower (9ms, total: 17ms)
[mox-run] aot-start (0ms, total: 17ms)
[mox-run] AOT compile log: /tmp/mox-scratch/a8e5ccd3bff512bd85be743cbbba161ae06504793c695db14b39d861ac39713b/session-d29d727ff22d2fc0255bd02d43f70f964f7a03b9afe5023ea49547bf103a518c/mox-run-aot-b41c2b.log
[mox-compile] Wrote /tmp/mox-scratch/a8e5ccd3bff512bd85be743cbbba161ae06504793c695db14b39d861ac39713b/session-d29d727ff22d2fc0255bd02d43f70f964f7a03b9afe5023ea49547bf103a518c/mox-run-aot-e45b7b.so (7 processes, 0 functions, 0 trampolines, 1.627025e-01s)
[mox-run] aot-compile (181ms, total: 199ms)
[mox-run] simulate (0ms, total: 199ms)
[mox-sim] Auto-enabling --skip-passes for module marked mox.sim.preprocessed
[mox-sim] Stage: passes (prev: 0ms, total: 0ms)
[mox-sim] aot-publication/v2 domain=module-loader-functions expected=0 accounted=0 positive=0 negative=0 missing=0 duplicate=0 unexpected=0 malformed=0 status=ok digest=sha256:14a1ea4827eceb6099f752ac175f21d9feeed50ece269718c7050338ed779cdd
[mox-sim] aot-publication/v2 domain=module-loader-processes expected=7 accounted=7 positive=7 negative=0 missing=0 duplicate=0 unexpected=0 malformed=0 status=ok digest=sha256:45e9c13c3353d40a188e74d9914e73390c14655f59efc18bc77914e342dfe0d2
[mox-sim] aot-publication/v2 domain=module-loader-address-bound-globals expected=40 accounted=40 positive=40 negative=0 missing=0 duplicate=0 unexpected=0 malformed=0 status=ok digest=sha256:909b9759a6739fc282f602af36e3549a3545b22634b0594dd7ff715dcdcf2f89
[mox-sim] aot-publication/v2 domain=module-loader-entry-table expected=0 accounted=0 positive=0 negative=0 missing=0 duplicate=0 unexpected=0 malformed=0 status=ok digest=sha256:14a1ea4827eceb6099f752ac175f21d9feeed50ece269718c7050338ed779cdd
[mox-sim] Loaded compiled module '/proc/self/fd/4': 0 functions, 7 processes, 40 address-bound globals (build: mox-sim-abi-v19-x86_64-unknown-linux-gnu-47baf07258161b60e697cae9daf7d027)
[mox-sim] Address-bound global ownership: role=main, module='/proc/self/fd/4', descriptor-declared=40, retained=40
[mox-sim] M3 loaded callable union: artifacts=1 raw-rows=0 demand-rows=0 distinct-demand-keys=0 slot-rows=0 provider-rows=0 checked-keys=0 missing=0 duplicate=0 malformed=0 unresolved=0 dropped=0 digest=sha256:8b7f9b4b8166df16b093fd6c2e5cc23e284f073b03978b3e72f0ea388c865a6a status=ok
[mox-sim] Stage: init (prev: 0ms, total: 0ms)
[mox-sim] Pre-aliased 40 address-bound globals to .so storage
[mox-sim] Pre-aliased 1 globals to .so storage
[mox-sim] Unmapped native func.call policy: default deny runtime bridges and pointer-typed get_/set_/create_/m_initialize* (allow others)
[mox-sim] Loaded 0 compiled functions: 0 native-dispatched, 0 not-native-dispatched, 0 intercepted
[mox-sim] aot-publication/v2 domain=compiled-function-dispatch expected=0 accounted=0 positive=0 negative=0 missing=0 duplicate=0 unexpected=0 malformed=0 status=ok digest=sha256:14a1ea4827eceb6099f752ac175f21d9feeed50ece269718c7050338ed779cdd
[mox-sim] Address-bound final-LLVM-global probes: 40/40 rows, 105/105 bytes bidirectional, owner-generation=1
[mox-sim] Aliased 0 globals to .so storage (1 already pre-aliased, unified)
[mox-sim] Compiled process dispatch: 7/7 processes wired
[mox-sim] aot-publication/v2 domain=process-dispatch expected=7 accounted=7 positive=7 negative=0 missing=0 duplicate=0 unexpected=0 malformed=0 status=ok digest=sha256:eebc3d35cf681b34f720c721fed131172733622543af1ed4bf2e80b7a685e2b1
[mox-sim] aot-publication/v2 domain=process-dispatch identity='decoder.process_0' outcome=wired polarity=positive reason=''
[mox-sim] aot-publication/v2 domain=process-dispatch identity='decoder.process_1' outcome=wired polarity=positive reason=''
[mox-sim] aot-publication/v2 domain=process-dispatch identity='decoder.process_2' outcome=wired polarity=positive reason=''
[mox-sim] aot-publication/v2 domain=process-dispatch identity='decoder.process_3' outcome=wired polarity=positive reason=''
[mox-sim] aot-publication/v2 domain=process-dispatch identity='decoder.process_4' outcome=wired polarity=positive reason=''
[mox-sim] aot-publication/v2 domain=process-dispatch identity='tb.process_0' outcome=wired polarity=positive reason=''
[mox-sim] aot-publication/v2 domain=process-dispatch identity='tb.process_1' outcome=wired polarity=positive reason=''
[mox-sim] Stage: load-compiled (prev: 4ms, total: 5ms)
Using module 'tb' as top module
[mox-sim] Found 2 LLHD processes, 0 LLHD finals, 0 seq.initial blocks, and 1 hw.instance ops (out of 115 total ops) in module
[mox-sim] Registered 5 LLHD signals and 7 LLHD processes/initial blocks
[mox-sim] Receipt: INIT_COMPLETE_OK execution_failure=0 process_dispatches=0
[mox-sim] Stage: run (prev: 0ms, total: 5ms)
[mox-sim] Starting simulation
PASS
[mox-sim] Simulation terminated at time 20000000 fs (success=true, verbose=true)
[mox-sim] Main loop exit: shouldContinue()=false at time 20000000 fs, iter=5, deltas=1
[mox-sim] Simulation finished at time 20000000 fs
[mox-sim] Simulation completed at time 20000000 fs
[mox-sim] whole-design AOT zero-interpreter gate satisfied: counted process=0 combinational=0 initializer-operation=0 direct-call=0 ABI-demotion=0 deferred-initial-prewait-operation=0 deferred-initial-prewait-binding=PROVEN dpi-export-function-binding=NOT-REQUIRED; residual-compiled-process=false interpreted-continuous-assignment=0 initializer-operation-filtered=0; instrumented-classes=interpreted-process,interpreted-callable,interpreted-continuous-assignment,module-initializer-operation,deferred-initial-prewait-operation measured-classes=interpreted-process,interpreted-callable,interpreted-continuous-assignment,module-initializer-operation,deferred-initial-prewait-operation unavailable-classes=NONE operation-level-other=UNMEASURED
[mox-sim] Simulation completed
