mox-run wall guards: compile=25000ms simulation=disabled
[mox-run] parse (6ms, total: 6ms)
[mox-run] lower (8ms, total: 15ms)
[mox-run] simulate (0ms, total: 16ms)
[mox-sim] Auto-enabling --skip-passes for module marked mox.sim.preprocessed
[mox-sim] Stage: passes (prev: 0ms, total: 0ms)
[mox-sim] Stage: init (prev: 0ms, total: 0ms)
Using module 'tb' as top module
[mox-sim] Found 2 LLHD processes, 0 LLHD finals, 0 seq.initial blocks, and 1 hw.instance ops (out of 115 total ops) in module
[mox-sim] Registered 5 LLHD signals and 7 LLHD processes/initial blocks
[mox-sim] Receipt: INIT_COMPLETE_OK execution_failure=0 process_dispatches=0
[mox-sim] Stage: run (prev: 1ms, total: 1ms)
[mox-sim] Starting simulation
PASS
[mox-sim] sim.terminate triggered in process ID 7 at loc("src/lessons/rtl/synthesis-gotchas/tb.sv":21:5 to :13)
[mox-sim] Simulation terminated at time 20000000 fs (success=true, verbose=true)
[mox-sim] Main loop exit: shouldContinue()=false at time 20000000 fs, iter=5, deltas=1
[mox-sim] Simulation finished at time 20000000 fs
[mox-sim] Simulation completed at time 20000000 fs
[mox-sim] Simulation completed
