mox-run wall guards: compile=25000ms simulation=disabled
[mox-run] parse (5ms, total: 5ms)
[mox-run] lower (5ms, total: 11ms)
[mox-run] aot-start (0ms, total: 12ms)
[mox-run] AOT compile log: /tmp/mox-scratch/a8e5ccd3bff512bd85be743cbbba161ae06504793c695db14b39d861ac39713b/session-7fa4be8b50990d25ecf777145b9a93a5bf2b32e1ed12ffb3ebf6d7b5f2b3c29c/mox-run-aot-d2f6db.log
[mox-compile] Wrote /tmp/mox-scratch/a8e5ccd3bff512bd85be743cbbba161ae06504793c695db14b39d861ac39713b/session-7fa4be8b50990d25ecf777145b9a93a5bf2b32e1ed12ffb3ebf6d7b5f2b3c29c/mox-run-aot-790c3f.so (2 processes, 0 functions, 0 trampolines, 9.940050e-02s)
[mox-run] aot-compile (122ms, total: 134ms)
[mox-run] simulate (0ms, total: 134ms)
[mox-sim] Auto-enabling --skip-passes for module marked mox.sim.preprocessed
[mox-sim] Stage: passes (prev: 0ms, total: 0ms)
[mox-sim] aot-publication/v2 domain=module-loader-functions expected=0 accounted=0 positive=0 negative=0 missing=0 duplicate=0 unexpected=0 malformed=0 status=ok digest=sha256:14a1ea4827eceb6099f752ac175f21d9feeed50ece269718c7050338ed779cdd
[mox-sim] aot-publication/v2 domain=module-loader-processes expected=2 accounted=2 positive=2 negative=0 missing=0 duplicate=0 unexpected=0 malformed=0 status=ok digest=sha256:d1118aeb091177ff1851128afc9da8dd032be8781f2c582a4f08489ac077baa5
[mox-sim] aot-publication/v2 domain=module-loader-address-bound-globals expected=12 accounted=12 positive=12 negative=0 missing=0 duplicate=0 unexpected=0 malformed=0 status=ok digest=sha256:79f495e93ae3dcedd18948cd786b66844f080fab479cef1f57951af52e99af4f
[mox-sim] aot-publication/v2 domain=module-loader-entry-table expected=0 accounted=0 positive=0 negative=0 missing=0 duplicate=0 unexpected=0 malformed=0 status=ok digest=sha256:14a1ea4827eceb6099f752ac175f21d9feeed50ece269718c7050338ed779cdd
[mox-sim] Loaded compiled module '/proc/self/fd/4': 0 functions, 2 processes, 12 address-bound globals (build: mox-sim-abi-v19-x86_64-unknown-linux-gnu-5983808a83013f002639797c25a583a4)
[mox-sim] Address-bound global ownership: role=main, module='/proc/self/fd/4', descriptor-declared=12, retained=12
[mox-sim] M3 loaded callable union: artifacts=1 raw-rows=0 demand-rows=0 distinct-demand-keys=0 slot-rows=0 provider-rows=0 checked-keys=0 missing=0 duplicate=0 malformed=0 unresolved=0 dropped=0 digest=sha256:fa6b1c6c545b2d7e714c49abd6b321ad074c90b5d99204878ccf7709525ce155 status=ok
[mox-sim] Stage: init (prev: 0ms, total: 0ms)
[mox-sim] Pre-aliased 12 address-bound globals to .so storage
[mox-sim] Unmapped native func.call policy: default deny runtime bridges and pointer-typed get_/set_/create_/m_initialize* (allow others)
[mox-sim] Loaded 0 compiled functions: 0 native-dispatched, 0 not-native-dispatched, 0 intercepted
[mox-sim] aot-publication/v2 domain=compiled-function-dispatch expected=0 accounted=0 positive=0 negative=0 missing=0 duplicate=0 unexpected=0 malformed=0 status=ok digest=sha256:14a1ea4827eceb6099f752ac175f21d9feeed50ece269718c7050338ed779cdd
[mox-sim] Address-bound final-LLVM-global probes: 12/12 rows, 25/25 bytes bidirectional, owner-generation=1
[mox-sim] Compiled process dispatch: 2/2 processes wired
[mox-sim] aot-publication/v2 domain=process-dispatch expected=2 accounted=2 positive=2 negative=0 missing=0 duplicate=0 unexpected=0 malformed=0 status=ok digest=sha256:13669cedf51647200fb350eac21e7278c73982fc29cf2a920cd978164bcb5522
[mox-sim] aot-publication/v2 domain=process-dispatch identity='tb.process_0' outcome=wired polarity=positive reason=''
[mox-sim] aot-publication/v2 domain=process-dispatch identity='tb.process_1' outcome=wired polarity=positive reason=''
[mox-sim] Stage: load-compiled (prev: 3ms, total: 4ms)
Using module 'tb' as top module
[mox-sim] Found 2 LLHD processes, 0 LLHD finals, 0 seq.initial blocks, and 0 hw.instance ops (out of 71 total ops) in module
[mox-sim] Registered 6 LLHD signals and 2 LLHD processes/initial blocks
[mox-sim] Receipt: INIT_COMPLETE_OK execution_failure=0 process_dispatches=0
[mox-sim] Stage: run (prev: 0ms, total: 4ms)
[mox-sim] Starting simulation
PASS: compile-ready design sum=5
[mox-sim] Simulation terminated at time 1000000 fs (success=true, verbose=true)
[mox-sim] Main loop exit: shouldContinue()=false at time 1000000 fs, iter=2, deltas=1
[mox-sim] Simulation finished at time 1000000 fs
[mox-sim] Simulation completed at time 1000000 fs
[mox-sim] whole-design AOT zero-interpreter gate satisfied: counted process=0 combinational=0 initializer-operation=0 direct-call=0 ABI-demotion=0 deferred-initial-prewait-operation=0 deferred-initial-prewait-binding=PROVEN dpi-export-function-binding=NOT-REQUIRED; residual-compiled-process=false interpreted-continuous-assignment=0 initializer-operation-filtered=0; instrumented-classes=interpreted-process,interpreted-callable,interpreted-continuous-assignment,module-initializer-operation,deferred-initial-prewait-operation measured-classes=interpreted-process,interpreted-callable,interpreted-continuous-assignment,module-initializer-operation,deferred-initial-prewait-operation unavailable-classes=NONE operation-level-other=UNMEASURED
[mox-sim] Simulation completed
