mox-run wall guards: compile=25000ms simulation=disabled
[mox-run] parse (6ms, total: 6ms)
[mox-run] lower (5ms, total: 11ms)
[mox-run] aot-start (0ms, total: 12ms)
[mox-run] AOT compile log: /tmp/mox-scratch/a8e5ccd3bff512bd85be743cbbba161ae06504793c695db14b39d861ac39713b/session-6bb2908c7d87eb80c2f187eb4b11f7ee88d0a4a7a721d64405557bcac3dda2a1/mox-run-aot-d8c2a2.log
[mox-compile] Wrote /tmp/mox-scratch/a8e5ccd3bff512bd85be743cbbba161ae06504793c695db14b39d861ac39713b/session-6bb2908c7d87eb80c2f187eb4b11f7ee88d0a4a7a721d64405557bcac3dda2a1/mox-run-aot-47dcbe.so (1 processes, 3 functions, 0 trampolines, 1.118720e-01s)
[mox-run] aot-compile (131ms, total: 144ms)
[mox-run] simulate (0ms, total: 144ms)
[mox-sim] Auto-enabling --skip-passes for module marked mox.sim.preprocessed
[mox-sim] Stage: passes (prev: 0ms, total: 0ms)
[mox-sim] aot-publication/v2 domain=module-loader-functions expected=3 accounted=3 positive=3 negative=0 missing=0 duplicate=0 unexpected=0 malformed=0 status=ok digest=sha256:e206a71fb58cb89d54bf4b3d2e0d9b62d35c6aa9cfbc753128dcc1c28ed88974
[mox-sim] aot-publication/v2 domain=module-loader-processes expected=1 accounted=1 positive=1 negative=0 missing=0 duplicate=0 unexpected=0 malformed=0 status=ok digest=sha256:dbece0947e8df29c3d674a06bb85a08e2b7bd4a0382cd6522ab2c5fa69007e8e
[mox-sim] aot-publication/v2 domain=module-loader-address-bound-globals expected=22 accounted=22 positive=22 negative=0 missing=0 duplicate=0 unexpected=0 malformed=0 status=ok digest=sha256:09c8651082a3b05683ffab8a466556266f33b1719bd0c40a8cd605b734e4c2e4
[mox-sim] aot-publication/v2 domain=module-loader-entry-table expected=3 accounted=3 positive=3 negative=0 missing=0 duplicate=0 unexpected=0 malformed=0 status=ok digest=sha256:b197ad10aa1030d4d013453104b5fe3388cc3fa6a220503945152d27e97a15c6
[mox-sim] Loaded RTTI parent table: 3 entries
[mox-sim] Loaded compiled module '/proc/self/fd/4': 3 functions, 1 processes, 22 address-bound globals, 3 entry table entries, 1 vtable identity rows (build: mox-sim-abi-v19-x86_64-unknown-linux-gnu-749fb9a84e590b953a53f0a1a596f7e5)
[mox-sim] Address-bound global ownership: role=main, module='/proc/self/fd/4', descriptor-declared=22, retained=22
[mox-sim] M3 loaded callable union: artifacts=1 raw-rows=9 demand-rows=5 distinct-demand-keys=3 slot-rows=1 provider-rows=3 checked-keys=3 missing=0 duplicate=0 malformed=0 unresolved=0 dropped=0 digest=sha256:297feeb271b0c2a52f2e5cbd9d5a74238f1b66a80e6fc6aed75ccec9a1354d2b status=ok
[mox-sim] Stage: init (prev: 0ms, total: 0ms)
[mox-sim] Pre-aliased 22 address-bound globals to .so storage
[mox-sim] Pre-aliased 2 globals to .so storage
[mox-sim] Unmapped native func.call policy: default deny runtime bridges and pointer-typed get_/set_/create_/m_initialize* (allow others)
[mox-sim] Loaded 3 compiled functions: 3 native-dispatched, 0 not-native-dispatched, 0 intercepted
[mox-sim] aot-publication/v2 domain=compiled-function-dispatch expected=3 accounted=3 positive=3 negative=0 missing=0 duplicate=0 unexpected=0 malformed=0 status=ok digest=sha256:3b788a325dc92cfeeba83e112afc42a2abaf3612ec8a3e0d2394fc5967fb1d92
[mox-sim] Entry table: 3 entries for tagged-FuncId dispatch (3 native, 0 non-native)
[mox-sim] Address-bound final-LLVM-global probes: 22/22 rows, 199/199 bytes bidirectional, owner-generation=1
[mox-sim] Aliased 0 globals to .so storage (2 already pre-aliased, unified)
[mox-sim] Compiled process dispatch: 1/1 processes wired
[mox-sim] aot-publication/v2 domain=process-dispatch expected=1 accounted=1 positive=1 negative=0 missing=0 duplicate=0 unexpected=0 malformed=0 status=ok digest=sha256:979054643387faf73ad0f08f4cac05733060ee3d4ac3b9ff2b77a69eefd36c41
[mox-sim] aot-publication/v2 domain=process-dispatch identity='tb.process_0' outcome=wired polarity=positive reason=''
[mox-sim] Stage: load-compiled (prev: 3ms, total: 4ms)
[mox-sim] Found 1 LLHD processes, 0 LLHD finals, 0 seq.initial blocks, and 0 hw.instance ops (out of 94 total ops) in module
[mox-sim] Registered 0 LLHD signals and 1 LLHD processes/initial blocks
[mox-sim] Receipt: INIT_COMPLETE_OK execution_failure=0 process_dispatches=0
[mox-sim] Stage: run (prev: 0ms, total: 4ms)
[mox-sim] Starting simulation
PASS: virtual provider value=7 id=707
[mox-sim] Simulation terminated at time 0 fs (success=true, verbose=true)
[mox-sim] Main loop exit: shouldContinue()=false at time 0 fs, iter=1, deltas=1
[mox-sim] Simulation finished at time 0 fs
[mox-sim] Simulation completed at time 0 fs
[mox-sim] whole-design AOT zero-interpreter gate satisfied: counted process=0 combinational=0 initializer-operation=0 direct-call=0 ABI-demotion=0 deferred-initial-prewait-operation=0 deferred-initial-prewait-binding=PROVEN dpi-export-function-binding=NOT-REQUIRED; residual-compiled-process=false interpreted-continuous-assignment=0 initializer-operation-filtered=0; instrumented-classes=interpreted-process,interpreted-callable,interpreted-continuous-assignment,module-initializer-operation,deferred-initial-prewait-operation measured-classes=interpreted-process,interpreted-callable,interpreted-continuous-assignment,module-initializer-operation,deferred-initial-prewait-operation unavailable-classes=NONE operation-level-other=UNMEASURED
[mox-sim] Simulation completed
