[2m[WebServer] [22m(node:155475) Warning: The 'NO_COLOR' env is ignored due to the 'FORCE_COLOR' env being set.
[2m[WebServer] [22m(Use `node --trace-warnings ...` to show where the warning was created)
[2m[WebServer] [22mYour tsconfig.json should extend the configuration generated by SvelteKit:
[2m[WebServer] [22m{
[2m[WebServer] [22m  "extends": "./.svelte-kit/tsconfig.json"
[2m[WebServer] [22m}
[2m[WebServer] [22m1:33:30 PM [vite-plugin-svelte] src/routes/lesson/[part]/[name]/+page.svelte:565:10 `<div>` with a click handler must have an ARIA role
[2m[WebServer] [22mhttps://svelte.dev/e/a11y_no_static_element_interactions
[2m[WebServer] [22m563:         {#if showOptions}
[2m[WebServer] [22m564:           <!-- svelte-ignore a11y_click_events_have_key_events a11y_no_static_element_interactions -->
[2m[WebServer] [22m565:           <div class="fixed inset-0 z-40" onclick={() => (showOptions = false)}></div>
[2m[WebServer] [22m                                                                                           ^
[2m[WebServer] [22m566:           <div class="absolute right-0 top-[calc(100%+0.4rem)] z-50 bg-surface border border-border rounded-[12px] shadow-app p-2 flex flex-col min-w-[160px]">
[2m[WebServer] [22m567:             {#if hasSolution}
[2m[WebServer] [22m1:33:31 PM [vite-plugin-svelte] src/routes/lesson/[part]/[name]/+page.svelte:876:2 `<div>` with a click handler must have an ARIA role
[2m[WebServer] [22mhttps://svelte.dev/e/a11y_no_static_element_interactions
[2m[WebServer] [22m874: {#if showCopyModal}
[2m[WebServer] [22m875:   <!-- svelte-ignore a11y_click_events_have_key_events a11y_no_static_element_interactions -->
[2m[WebServer] [22m876:   <div class="fixed inset-0 bg-black/50 flex items-center justify-center z-50"
[2m[WebServer] [22m             ^
[2m[WebServer] [22m877:        onclick={(e) => e.target === e.currentTarget && onCopyModalOk()}>
[2m[WebServer] [22m878:     <div role="dialog" aria-modal="true" aria-labelledby="copy-modal-title"
[2m[WebServer] [22m1:33:31 PM [vite-plugin-svelte] src/routes/lesson/[part]/[name]/+page.svelte:878:4 Elements with the 'dialog' interactive role must have a tabindex value
[2m[WebServer] [22mhttps://svelte.dev/e/a11y_interactive_supports_focus
[2m[WebServer] [22m876:   <div class="fixed inset-0 bg-black/50 flex items-center justify-center z-50"
[2m[WebServer] [22m877:        onclick={(e) => e.target === e.currentTarget && onCopyModalOk()}>
[2m[WebServer] [22m878:     <div role="dialog" aria-modal="true" aria-labelledby="copy-modal-title"
[2m[WebServer] [22m               ^
[2m[WebServer] [22m879:          onkeydown={onCopyModalKeydown}
[2m[WebServer] [22m880:          class="bg-surface rounded-[14px] shadow-xl p-8 max-w-[440px] mx-4 flex flex-col gap-4 border border-border">
[2m[WebServer] [22m1:33:31 PM [vite-plugin-svelte] src/routes/lesson/[part]/[name]/+page.svelte:891:8 Avoid using autofocus
[2m[WebServer] [22mhttps://svelte.dev/e/a11y_autofocus
[2m[WebServer] [22m889:       </label>
[2m[WebServer] [22m890:       <button
[2m[WebServer] [22m891:         autofocus
[2m[WebServer] [22m                      ^
[2m[WebServer] [22m892:         onclick={onCopyModalOk}
[2m[WebServer] [22m893:         class="self-start px-6 py-[0.45rem] bg-teal text-white rounded-[8px] font-medium text-[0.9rem] hover:opacity-90 transition-opacity"
[2m[WebServer] [22m"syntaxHighlighting" is imported from external module "@codemirror/language" but never used in "src/lib/components/CodeEditor.svelte".
[2m[WebServer] [22m"basicSetup" is imported from external module "codemirror" but never used in "src/lib/components/CodeEditor.svelte".
[2m[WebServer] [22m"EditorState" is imported from external module "@codemirror/state" but never used in "src/lib/components/CodeEditor.svelte".
[2m[WebServer] [22m"linter", "lintGutter" and "setDiagnostics" are imported from external module "@codemirror/lint" but never used in "src/lib/components/CodeEditor.svelte".
[2m[WebServer] [22mThe emitted file "chunks/description.js.gz" overwrites a previously emitted file of the same name.
[2m[WebServer] [22mThe emitted file "chunks/description2.js.gz" overwrites a previously emitted file of the same name.
[2m[WebServer] [22mThe emitted file "entries/pages/lesson/_part_/_name_/_page.svelte.js.gz" overwrites a previously emitted file of the same name.
[2m[WebServer] [22mThe emitted file "chunks/description3.js.gz" overwrites a previously emitted file of the same name.
[2m[WebServer] [22mThe emitted file "chunks/description4.js.gz" overwrites a previously emitted file of the same name.
[2m[WebServer] [22mThe emitted file "chunks/description5.js.gz" overwrites a previously emitted file of the same name.
[2m[WebServer] [22mThe emitted file "chunks/description6.js.gz" overwrites a previously emitted file of the same name.
[2m[WebServer] [22mThe emitted file "entries/pages/_layout.svelte.js.gz" overwrites a previously emitted file of the same name.
[2m[WebServer] [22mThe emitted file "chunks/description7.js.gz" overwrites a previously emitted file of the same name.
[2m[WebServer] [22mThe emitted file "chunks/description8.js.gz" overwrites a previously emitted file of the same name.
[2m[WebServer] [22mThe emitted file "chunks/description10.js.gz" overwrites a previously emitted file of the same name.
[2m[WebServer] [22mThe emitted file "chunks/description9.js.gz" overwrites a previously emitted file of the same name.
[2m[WebServer] [22mThe emitted file "chunks/description11.js.gz" overwrites a previously emitted file of the same name.
[2m[WebServer] [22mThe emitted file "chunks/description13.js.gz" overwrites a previously emitted file of the same name.
[2m[WebServer] [22mThe emitted file "chunks/description14.js.gz" overwrites a previously emitted file of the same name.
[2m[WebServer] [22mThe emitted file "chunks/description15.js.gz" overwrites a previously emitted file of the same name.
[2m[WebServer] [22mThe emitted file "chunks/description16.js.gz" overwrites a previously emitted file of the same name.
[2m[WebServer] [22mThe emitted file "chunks/description18.js.gz" overwrites a previously emitted file of the same name.
[2m[WebServer] [22mThe emitted file "chunks/description12.js.gz" overwrites a previously emitted file of the same name.
[2m[WebServer] [22mThe emitted file "chunks/description19.js.gz" overwrites a previously emitted file of the same name.
[2m[WebServer] [22mThe emitted file "chunks/description21.js.gz" overwrites a previously emitted file of the same name.
[2m[WebServer] [22mThe emitted file "chunks/description17.js.gz" overwrites a previously emitted file of the same name.
[2m[WebServer] [22mThe emitted file "chunks/description20.js.gz" overwrites a previously emitted file of the same name.
[2m[WebServer] [22mThe emitted file "chunks/description22.js.gz" overwrites a previously emitted file of the same name.
[2m[WebServer] [22mThe emitted file "chunks/index.js.gz" overwrites a previously emitted file of the same name.
[2m[WebServer] [22mThe emitted file "chunks/description24.js.gz" overwrites a previously emitted file of the same name.
[2m[WebServer] [22mThe emitted file "chunks/description27.js.gz" overwrites a previously emitted file of the same name.
[2m[WebServer] [22mThe emitted file "chunks/description26.js.gz" overwrites a previously emitted file of the same name.
[2m[WebServer] [22mThe emitted file "chunks/description28.js.gz" overwrites a previously emitted file of the same name.
[2m[WebServer] [22mThe emitted file "chunks/description29.js.gz" overwrites a previously emitted file of the same name.
[2m[WebServer] [22mThe emitted file "chunks/description30.js.gz" overwrites a previously emitted file of the same name.
[2m[WebServer] [22mThe emitted file "chunks/description23.js.gz" overwrites a previously emitted file of the same name.
[2m[WebServer] [22mThe emitted file "chunks/description32.js.gz" overwrites a previously emitted file of the same name.
[2m[WebServer] [22mThe emitted file "chunks/description34.js.gz" overwrites a previously emitted file of the same name.
[2m[WebServer] [22mThe emitted file "chunks/description36.js.gz" overwrites a previously emitted file of the same name.
[2m[WebServer] [22mThe emitted file "chunks/description31.js.gz" overwrites a previously emitted file of the same name.
[2m[WebServer] [22mThe emitted file "chunks/description35.js.gz" overwrites a previously emitted file of the same name.
[2m[WebServer] [22mThe emitted file "chunks/description33.js.gz" overwrites a previously emitted file of the same name.
[2m[WebServer] [22mThe emitted file "chunks/description39.js.gz" overwrites a previously emitted file of the same name.
[2m[WebServer] [22mThe emitted file "chunks/description38.js.gz" overwrites a previously emitted file of the same name.
[2m[WebServer] [22mThe emitted file "chunks/description41.js.gz" overwrites a previously emitted file of the same name.
[2m[WebServer] [22mThe emitted file "chunks/description43.js.gz" overwrites a previously emitted file of the same name.
[2m[WebServer] [22mThe emitted file "chunks/description42.js.gz" overwrites a previously emitted file of the same name.
[2m[WebServer] [22mThe emitted file "chunks/description45.js.gz" overwrites a previously emitted file of the same name.
[2m[WebServer] [22mThe emitted file "chunks/description46.js.gz" overwrites a previously emitted file of the same name.
[2m[WebServer] [22mThe emitted file "chunks/description44.js.gz" overwrites a previously emitted file of the same name.
[2m[WebServer] [22mThe emitted file "chunks/description47.js.gz" overwrites a previously emitted file of the same name.
[2m[WebServer] [22mThe emitted file "chunks/description48.js.gz" overwrites a previously emitted file of the same name.
[2m[WebServer] [22mThe emitted file "chunks/description49.js.gz" overwrites a previously emitted file of the same name.
[2m[WebServer] [22mThe emitted file "chunks/description40.js.gz" overwrites a previously emitted file of the same name.
[2m[WebServer] [22mThe emitted file "chunks/description51.js.gz" overwrites a previously emitted file of the same name.
[2m[WebServer] [22mThe emitted file "chunks/description53.js.gz" overwrites a previously emitted file of the same name.
[2m[WebServer] [22mThe emitted file "chunks/description52.js.gz" overwrites a previously emitted file of the same name.
[2m[WebServer] [22mThe emitted file "chunks/description54.js.gz" overwrites a previously emitted file of the same name.
[2m[WebServer] [22mThe emitted file "chunks/description56.js.gz" overwrites a previously emitted file of the same name.
[2m[WebServer] [22mThe emitted file "chunks/description50.js.gz" overwrites a previously emitted file of the same name.
[2m[WebServer] [22mThe emitted file "chunks/description57.js.gz" overwrites a previously emitted file of the same name.
[2m[WebServer] [22mThe emitted file "chunks/description55.js.gz" overwrites a previously emitted file of the same name.
[2m[WebServer] [22mThe emitted file "chunks/description58.js.gz" overwrites a previously emitted file of the same name.
[2m[WebServer] [22mThe emitted file "chunks/description59.js.gz" overwrites a previously emitted file of the same name.
[2m[WebServer] [22mThe emitted file "chunks/description61.js.gz" overwrites a previously emitted file of the same name.
[2m[WebServer] [22mThe emitted file "chunks/description60.js.gz" overwrites a previously emitted file of the same name.
[2m[WebServer] [22mThe emitted file "chunks/description63.js.gz" overwrites a previously emitted file of the same name.
[2m[WebServer] [22mThe emitted file "chunks/description62.js.gz" overwrites a previously emitted file of the same name.
[2m[WebServer] [22mThe emitted file "chunks/description65.js.gz" overwrites a previously emitted file of the same name.
[2m[WebServer] [22mThe emitted file "chunks/description66.js.gz" overwrites a previously emitted file of the same name.
[2m[WebServer] [22mThe emitted file "chunks/description64.js.gz" overwrites a previously emitted file of the same name.
[2m[WebServer] [22mThe emitted file "chunks/description67.js.gz" overwrites a previously emitted file of the same name.
[2m[WebServer] [22mThe emitted file "chunks/description68.js.gz" overwrites a previously emitted file of the same name.
[2m[WebServer] [22mThe emitted file "chunks/description71.js.gz" overwrites a previously emitted file of the same name.
[2m[WebServer] [22mThe emitted file "chunks/description72.js.gz" overwrites a previously emitted file of the same name.
[2m[WebServer] [22mThe emitted file "chunks/description73.js.gz" overwrites a previously emitted file of the same name.
[2m[WebServer] [22mThe emitted file "chunks/description70.js.gz" overwrites a previously emitted file of the same name.
[2m[WebServer] [22mThe emitted file "chunks/description69.js.gz" overwrites a previously emitted file of the same name.
[2m[WebServer] [22mThe emitted file "chunks/description74.js.gz" overwrites a previously emitted file of the same name.
[2m[WebServer] [22mThe emitted file "chunks/description77.js.gz" overwrites a previously emitted file of the same name.
[2m[WebServer] [22mThe emitted file "chunks/description78.js.gz" overwrites a previously emitted file of the same name.
[2m[WebServer] [22mThe emitted file "chunks/description76.js.gz" overwrites a previously emitted file of the same name.
[2m[WebServer] [22mThe emitted file "chunks/description75.js.gz" overwrites a previously emitted file of the same name.
[2m[WebServer] [22mThe emitted file "chunks/description80.js.gz" overwrites a previously emitted file of the same name.
[2m[WebServer] [22mThe emitted file "chunks/description82.js.gz" overwrites a previously emitted file of the same name.
[2m[WebServer] [22mThe emitted file "chunks/test_pulse_counter.js.gz" overwrites a previously emitted file of the same name.
[2m[WebServer] [22mThe emitted file "chunks/description79.js.gz" overwrites a previously emitted file of the same name.
[2m[WebServer] [22mThe emitted file "chunks/test_adder.js.gz" overwrites a previously emitted file of the same name.
[2m[WebServer] [22mThe emitted file "chunks/description81.js.gz" overwrites a previously emitted file of the same name.
[2m[WebServer] [22mThe emitted file "chunks/priority_enc.js.gz" overwrites a previously emitted file of the same name.
[2m[WebServer] [22mThe emitted file "chunks/test_reg_en.js.gz" overwrites a previously emitted file of the same name.
[2m[WebServer] [22mThe emitted file "chunks/adder_tb.js.gz" overwrites a previously emitted file of the same name.
[2m[WebServer] [22mThe emitted file "chunks/lowering.js.gz" overwrites a previously emitted file of the same name.
[2m[WebServer] [22mThe emitted file "chunks/priority_enc_tb.js.gz" overwrites a previously emitted file of the same name.
[2m[WebServer] [22mThe emitted file "chunks/sram_core.js.gz" overwrites a previously emitted file of the same name.
[2m[WebServer] [22mThe emitted file "chunks/sram_core_tb.js.gz" overwrites a previously emitted file of the same name.
[2m[WebServer] [22mThe emitted file "chunks/lowering_tb.js.gz" overwrites a previously emitted file of the same name.
[2m[WebServer] [22mThe emitted file "chunks/sram_core2.js.gz" overwrites a previously emitted file of the same name.
[2m[WebServer] [22mThe emitted file "chunks/description2.js.br" overwrites a previously emitted file of the same name.
[2m[WebServer] [22mThe emitted file "chunks/description.js.br" overwrites a previously emitted file of the same name.
[2m[WebServer] [22mThe emitted file "chunks/description3.js.br" overwrites a previously emitted file of the same name.
[2m[WebServer] [22mThe emitted file "chunks/description4.js.br" overwrites a previously emitted file of the same name.
[2m[WebServer] [22mThe emitted file "chunks/description5.js.br" overwrites a previously emitted file of the same name.
[2m[WebServer] [22mThe emitted file "chunks/description6.js.br" overwrites a previously emitted file of the same name.
[2m[WebServer] [22mThe emitted file "chunks/description7.js.br" overwrites a previously emitted file of the same name.
[2m[WebServer] [22mThe emitted file "chunks/description8.js.br" overwrites a previously emitted file of the same name.
[2m[WebServer] [22mThe emitted file "chunks/description10.js.br" overwrites a previously emitted file of the same name.
[2m[WebServer] [22mThe emitted file "entries/pages/lesson/_part_/_name_/_page.svelte.js.br" overwrites a previously emitted file of the same name.
[2m[WebServer] [22mThe emitted file "chunks/description9.js.br" overwrites a previously emitted file of the same name.
[2m[WebServer] [22mThe emitted file "chunks/description14.js.br" overwrites a previously emitted file of the same name.
[2m[WebServer] [22mThe emitted file "chunks/description11.js.br" overwrites a previously emitted file of the same name.
[2m[WebServer] [22mThe emitted file "chunks/description13.js.br" overwrites a previously emitted file of the same name.
[2m[WebServer] [22mThe emitted file "chunks/description15.js.br" overwrites a previously emitted file of the same name.
[2m[WebServer] [22mThe emitted file "chunks/description16.js.br" overwrites a previously emitted file of the same name.
[2m[WebServer] [22mThe emitted file "chunks/description18.js.br" overwrites a previously emitted file of the same name.
[2m[WebServer] [22mThe emitted file "chunks/description19.js.br" overwrites a previously emitted file of the same name.
[2m[WebServer] [22mThe emitted file "chunks/description21.js.br" overwrites a previously emitted file of the same name.
[2m[WebServer] [22mThe emitted file "entries/pages/_layout.svelte.js.br" overwrites a previously emitted file of the same name.
[2m[WebServer] [22mThe emitted file "chunks/description17.js.br" overwrites a previously emitted file of the same name.
[2m[WebServer] [22mThe emitted file "chunks/description12.js.br" overwrites a previously emitted file of the same name.
[2m[WebServer] [22mThe emitted file "chunks/description20.js.br" overwrites a previously emitted file of the same name.
[2m[WebServer] [22mThe emitted file "chunks/description22.js.br" overwrites a previously emitted file of the same name.
[2m[WebServer] [22mThe emitted file "chunks/description27.js.br" overwrites a previously emitted file of the same name.
[2m[WebServer] [22mThe emitted file "chunks/description24.js.br" overwrites a previously emitted file of the same name.
[2m[WebServer] [22mThe emitted file "chunks/description26.js.br" overwrites a previously emitted file of the same name.
[2m[WebServer] [22mThe emitted file "chunks/description30.js.br" overwrites a previously emitted file of the same name.
[2m[WebServer] [22mThe emitted file "chunks/description28.js.br" overwrites a previously emitted file of the same name.
[2m[WebServer] [22mThe emitted file "chunks/description29.js.br" overwrites a previously emitted file of the same name.
[2m[WebServer] [22mThe emitted file "chunks/description32.js.br" overwrites a previously emitted file of the same name.
[2m[WebServer] [22mThe emitted file "chunks/description23.js.br" overwrites a previously emitted file of the same name.
[2m[WebServer] [22mThe emitted file "chunks/description36.js.br" overwrites a previously emitted file of the same name.
[2m[WebServer] [22mThe emitted file "chunks/description34.js.br" overwrites a previously emitted file of the same name.
[2m[WebServer] [22mThe emitted file "chunks/description33.js.br" overwrites a previously emitted file of the same name.
[2m[WebServer] [22mThe emitted file "chunks/description35.js.br" overwrites a previously emitted file of the same name.
[2m[WebServer] [22mThe emitted file "chunks/description39.js.br" overwrites a previously emitted file of the same name.
[2m[WebServer] [22mThe emitted file "chunks/description31.js.br" overwrites a previously emitted file of the same name.
[2m[WebServer] [22mThe emitted file "chunks/description43.js.br" overwrites a previously emitted file of the same name.
[2m[WebServer] [22mThe emitted file "chunks/description41.js.br" overwrites a previously emitted file of the same name.
[2m[WebServer] [22mThe emitted file "chunks/description38.js.br" overwrites a previously emitted file of the same name.
[2m[WebServer] [22mThe emitted file "chunks/description45.js.br" overwrites a previously emitted file of the same name.
[2m[WebServer] [22mThe emitted file "chunks/description42.js.br" overwrites a previously emitted file of the same name.
[2m[WebServer] [22mThe emitted file "chunks/description46.js.br" overwrites a previously emitted file of the same name.
[2m[WebServer] [22mThe emitted file "chunks/description48.js.br" overwrites a previously emitted file of the same name.
[2m[WebServer] [22mThe emitted file "chunks/description47.js.br" overwrites a previously emitted file of the same name.
[2m[WebServer] [22mThe emitted file "chunks/description44.js.br" overwrites a previously emitted file of the same name.
[2m[WebServer] [22mThe emitted file "chunks/description49.js.br" overwrites a previously emitted file of the same name.
[2m[WebServer] [22mThe emitted file "chunks/description51.js.br" overwrites a previously emitted file of the same name.
[2m[WebServer] [22mThe emitted file "chunks/description53.js.br" overwrites a previously emitted file of the same name.
[2m[WebServer] [22mThe emitted file "chunks/description40.js.br" overwrites a previously emitted file of the same name.
[2m[WebServer] [22mThe emitted file "chunks/description52.js.br" overwrites a previously emitted file of the same name.
[2m[WebServer] [22mThe emitted file "chunks/index.js.br" overwrites a previously emitted file of the same name.
[2m[WebServer] [22mThe emitted file "chunks/description54.js.br" overwrites a previously emitted file of the same name.
[2m[WebServer] [22mThe emitted file "chunks/description56.js.br" overwrites a previously emitted file of the same name.
[2m[WebServer] [22mThe emitted file "chunks/description50.js.br" overwrites a previously emitted file of the same name.
[2m[WebServer] [22mThe emitted file "chunks/description57.js.br" overwrites a previously emitted file of the same name.
[2m[WebServer] [22mThe emitted file "chunks/description59.js.br" overwrites a previously emitted file of the same name.
[2m[WebServer] [22mThe emitted file "chunks/description58.js.br" overwrites a previously emitted file of the same name.
[2m[WebServer] [22mThe emitted file "chunks/description55.js.br" overwrites a previously emitted file of the same name.
[2m[WebServer] [22mThe emitted file "chunks/description61.js.br" overwrites a previously emitted file of the same name.
[2m[WebServer] [22mThe emitted file "chunks/description62.js.br" overwrites a previously emitted file of the same name.
[2m[WebServer] [22mThe emitted file "chunks/description60.js.br" overwrites a previously emitted file of the same name.
[2m[WebServer] [22mThe emitted file "chunks/description63.js.br" overwrites a previously emitted file of the same name.
[2m[WebServer] [22mThe emitted file "chunks/description66.js.br" overwrites a previously emitted file of the same name.
[2m[WebServer] [22mThe emitted file "chunks/description64.js.br" overwrites a previously emitted file of the same name.
[2m[WebServer] [22mThe emitted file "chunks/description65.js.br" overwrites a previously emitted file of the same name.
[2m[WebServer] [22mThe emitted file "chunks/description67.js.br" overwrites a previously emitted file of the same name.
[2m[WebServer] [22mThe emitted file "chunks/description68.js.br" overwrites a previously emitted file of the same name.
[2m[WebServer] [22mThe emitted file "chunks/description71.js.br" overwrites a previously emitted file of the same name.
[2m[WebServer] [22mThe emitted file "chunks/description73.js.br" overwrites a previously emitted file of the same name.
[2m[WebServer] [22mThe emitted file "chunks/description72.js.br" overwrites a previously emitted file of the same name.
[2m[WebServer] [22mThe emitted file "chunks/description70.js.br" overwrites a previously emitted file of the same name.
[2m[WebServer] [22mThe emitted file "chunks/description69.js.br" overwrites a previously emitted file of the same name.
[2m[WebServer] [22mThe emitted file "chunks/description74.js.br" overwrites a previously emitted file of the same name.
[2m[WebServer] [22mThe emitted file "chunks/description77.js.br" overwrites a previously emitted file of the same name.
[2m[WebServer] [22mThe emitted file "chunks/description76.js.br" overwrites a previously emitted file of the same name.
[2m[WebServer] [22mThe emitted file "chunks/description78.js.br" overwrites a previously emitted file of the same name.
[2m[WebServer] [22mThe emitted file "chunks/description75.js.br" overwrites a previously emitted file of the same name.
[2m[WebServer] [22mThe emitted file "chunks/test_pulse_counter.js.br" overwrites a previously emitted file of the same name.
[2m[WebServer] [22mThe emitted file "chunks/description80.js.br" overwrites a previously emitted file of the same name.
[2m[WebServer] [22mThe emitted file "chunks/description82.js.br" overwrites a previously emitted file of the same name.
[2m[WebServer] [22mThe emitted file "chunks/test_adder.js.br" overwrites a previously emitted file of the same name.
[2m[WebServer] [22mThe emitted file "chunks/priority_enc.js.br" overwrites a previously emitted file of the same name.
[2m[WebServer] [22mThe emitted file "chunks/description81.js.br" overwrites a previously emitted file of the same name.
[2m[WebServer] [22mThe emitted file "chunks/test_reg_en.js.br" overwrites a previously emitted file of the same name.
[2m[WebServer] [22mThe emitted file "chunks/adder_tb.js.br" overwrites a previously emitted file of the same name.
[2m[WebServer] [22mThe emitted file "chunks/priority_enc_tb.js.br" overwrites a previously emitted file of the same name.
[2m[WebServer] [22mThe emitted file "chunks/sram_core.js.br" overwrites a previously emitted file of the same name.
[2m[WebServer] [22mThe emitted file "chunks/lowering.js.br" overwrites a previously emitted file of the same name.
[2m[WebServer] [22mThe emitted file "chunks/sram_core_tb.js.br" overwrites a previously emitted file of the same name.
[2m[WebServer] [22mThe emitted file "chunks/description79.js.br" overwrites a previously emitted file of the same name.
[2m[WebServer] [22mThe emitted file "chunks/sram_core2.js.br" overwrites a previously emitted file of the same name.
[2m[WebServer] [22mThe emitted file "chunks/tb4.js.gz" overwrites a previously emitted file of the same name.
[2m[WebServer] [22mThe emitted file "chunks/mem_item.js.gz" overwrites a previously emitted file of the same name.
[2m[WebServer] [22mThe emitted file "chunks/clocking_sampler.js.gz" overwrites a previously emitted file of the same name.
[2m[WebServer] [22mThe emitted file "chunks/tb5.js.gz" overwrites a previously emitted file of the same name.
[2m[WebServer] [22mThe emitted file "chunks/data_types.js.gz" overwrites a previously emitted file of the same name.
[2m[WebServer] [22mThe emitted file "chunks/tb6.js.gz" overwrites a previously emitted file of the same name.
[2m[WebServer] [22mThe emitted file "chunks/event_sync.js.gz" overwrites a previously emitted file of the same name.
[2m[WebServer] [22mThe emitted file "chunks/concurrent.js.gz" overwrites a previously emitted file of the same name.
[2m[WebServer] [22mThe emitted file "chunks/mem_ctrl.js.gz" overwrites a previously emitted file of the same name.
[2m[WebServer] [22mThe emitted file "chunks/tb7.js.gz" overwrites a previously emitted file of the same name.
[2m[WebServer] [22mThe emitted file "chunks/tb12.js.gz" overwrites a previously emitted file of the same name.
[2m[WebServer] [22mThe emitted file "chunks/framework-vendor.js.gz" overwrites a previously emitted file of the same name.
[2m[WebServer] [22mThe emitted file "chunks/addr_buf.js.gz" overwrites a previously emitted file of the same name.
[2m[WebServer] [22mThe emitted file "chunks/rand_txn.js.gz" overwrites a previously emitted file of the same name.
[2m[WebServer] [22mThe emitted file "chunks/tb13.js.gz" overwrites a previously emitted file of the same name.
[2m[WebServer] [22mThe emitted file "chunks/top2.js.gz" overwrites a previously emitted file of the same name.
[2m[WebServer] [22mThe emitted file "chunks/tb14.js.gz" overwrites a previously emitted file of the same name.
[2m[WebServer] [22mThe emitted file "chunks/lock_check.js.gz" overwrites a previously emitted file of the same name.
[2m[WebServer] [22mThe emitted file "chunks/sram_check.js.gz" overwrites a previously emitted file of the same name.
[2m[WebServer] [22mThe emitted file "chunks/mem_scoreboard.js.gz" overwrites a previously emitted file of the same name.
[2m[WebServer] [22mThe emitted file "chunks/mem_scoreboard2.js.gz" overwrites a previously emitted file of the same name.
[2m[WebServer] [22mThe emitted file "chunks/mem_test.js.gz" overwrites a previously emitted file of the same name.
[2m[WebServer] [22mThe emitted file "chunks/mem_coverage3.js.gz" overwrites a previously emitted file of the same name.
[2m[WebServer] [22mThe emitted file "chunks/mem_scoreboard3.js.gz" overwrites a previously emitted file of the same name.
[2m[WebServer] [22mThe emitted file "chunks/mem_seq3.js.gz" overwrites a previously emitted file of the same name.
[2m[WebServer] [22mThe emitted file "chunks/mem_driver4.js.gz" overwrites a previously emitted file of the same name.
[2m[WebServer] [22mThe emitted file "chunks/tb_top5.js.gz" overwrites a previously emitted file of the same name.
[2m[WebServer] [22mThe emitted file "chunks/mem_scoreboard4.js.gz" overwrites a previously emitted file of the same name.
[2m[WebServer] [22mThe emitted file "chunks/mem_test_corner.js.gz" overwrites a previously emitted file of the same name.
[2m[WebServer] [22mThe emitted file "chunks/mem_scoreboard5.js.gz" overwrites a previously emitted file of the same name.
[2m[WebServer] [22mThe emitted file "chunks/tb_top8.js.gz" overwrites a previously emitted file of the same name.
[2m[WebServer] [22mThe emitted file "chunks/sram_reg_block.js.gz" overwrites a previously emitted file of the same name.
[2m[WebServer] [22mThe emitted file "chunks/tb_top12.js.gz" overwrites a previously emitted file of the same name.
[2m[WebServer] [22mThe emitted file "chunks/sram_core.sol.js.gz" overwrites a previously emitted file of the same name.
[2m[WebServer] [22mThe emitted file "chunks/clocking_sampler.sol.js.gz" overwrites a previously emitted file of the same name.
[2m[WebServer] [22mThe emitted file "chunks/tb_top11.js.gz" overwrites a previously emitted file of the same name.
[2m[WebServer] [22mThe emitted file "chunks/data_types.sol.js.gz" overwrites a previously emitted file of the same name.
[2m[WebServer] [22mThe emitted file "chunks/tb.sol.js.gz" overwrites a previously emitted file of the same name.
[2m[WebServer] [22mThe emitted file "chunks/mem_ctrl.sol.js.gz" overwrites a previously emitted file of the same name.
[2m[WebServer] [22mThe emitted file "chunks/mem_test.sol.js.gz" overwrites a previously emitted file of the same name.
[2m[WebServer] [22mThe emitted file "chunks/mem_test_corner.sol.js.gz" overwrites a previously emitted file of the same name.
[2m[WebServer] [22mThe emitted file "chunks/mem_scoreboard.sol.js.gz" overwrites a previously emitted file of the same name.
[2m[WebServer] [22mThe emitted file "chunks/mem_coverage.sol2.js.gz" overwrites a previously emitted file of the same name.
[2m[WebServer] [22mThe emitted file "_app/immutable/assets/_layout.pyACZoIW.css.gz" overwrites a previously emitted file of the same name.
[2m[WebServer] [22mThe emitted file "chunks/lowering_tb.js.br" overwrites a previously emitted file of the same name.
[2m[WebServer] [22mThe emitted file "chunks/clocking_sampler.js.br" overwrites a previously emitted file of the same name.
[2m[WebServer] [22mThe emitted file "chunks/tb5.js.br" overwrites a previously emitted file of the same name.
[2m[WebServer] [22mThe emitted file "chunks/mem_item.js.br" overwrites a previously emitted file of the same name.
[2m[WebServer] [22mThe emitted file "chunks/tb4.js.br" overwrites a previously emitted file of the same name.
[2m[WebServer] [22mThe emitted file "chunks/data_types.js.br" overwrites a previously emitted file of the same name.
[2m[WebServer] [22mThe emitted file "chunks/tb6.js.br" overwrites a previously emitted file of the same name.
[2m[WebServer] [22mThe emitted file "chunks/concurrent.js.br" overwrites a previously emitted file of the same name.
[2m[WebServer] [22mThe emitted file "chunks/event_sync.js.br" overwrites a previously emitted file of the same name.
[2m[WebServer] [22mThe emitted file "chunks/mem_ctrl.js.br" overwrites a previously emitted file of the same name.
[2m[WebServer] [22mThe emitted file "chunks/tb7.js.br" overwrites a previously emitted file of the same name.
[2m[WebServer] [22mThe emitted file "chunks/tb12.js.br" overwrites a previously emitted file of the same name.
[2m[WebServer] [22mThe emitted file "chunks/addr_buf.js.br" overwrites a previously emitted file of the same name.
[2m[WebServer] [22mThe emitted file "chunks/rand_txn.js.br" overwrites a previously emitted file of the same name.
[2m[WebServer] [22mThe emitted file "chunks/tb13.js.br" overwrites a previously emitted file of the same name.
[2m[WebServer] [22mThe emitted file "chunks/top2.js.br" overwrites a previously emitted file of the same name.
[2m[WebServer] [22mThe emitted file "chunks/tb14.js.br" overwrites a previously emitted file of the same name.
[2m[WebServer] [22mThe emitted file "chunks/lock_check.js.br" overwrites a previously emitted file of the same name.
[2m[WebServer] [22mThe emitted file "chunks/sram_check.js.br" overwrites a previously emitted file of the same name.
[2m[WebServer] [22mThe emitted file "chunks/mem_scoreboard.js.br" overwrites a previously emitted file of the same name.
[2m[WebServer] [22mThe emitted file "chunks/mem_scoreboard2.js.br" overwrites a previously emitted file of the same name.
[2m[WebServer] [22mThe emitted file "chunks/mem_coverage3.js.br" overwrites a previously emitted file of the same name.
[2m[WebServer] [22mThe emitted file "chunks/mem_scoreboard3.js.br" overwrites a previously emitted file of the same name.
[2m[WebServer] [22mThe emitted file "chunks/mem_test.js.br" overwrites a previously emitted file of the same name.
[2m[WebServer] [22mThe emitted file "chunks/mem_seq3.js.br" overwrites a previously emitted file of the same name.
[2m[WebServer] [22mThe emitted file "chunks/mem_driver4.js.br" overwrites a previously emitted file of the same name.
[2m[WebServer] [22mThe emitted file "chunks/tb_top5.js.br" overwrites a previously emitted file of the same name.
[2m[WebServer] [22mThe emitted file "chunks/mem_scoreboard4.js.br" overwrites a previously emitted file of the same name.
[2m[WebServer] [22mThe emitted file "chunks/mem_test_corner.js.br" overwrites a previously emitted file of the same name.
[2m[WebServer] [22mThe emitted file "chunks/mem_scoreboard5.js.br" overwrites a previously emitted file of the same name.
[2m[WebServer] [22mThe emitted file "chunks/tb_top8.js.br" overwrites a previously emitted file of the same name.
[2m[WebServer] [22mThe emitted file "chunks/tb_top12.js.br" overwrites a previously emitted file of the same name.
[2m[WebServer] [22mThe emitted file "chunks/sram_reg_block.js.br" overwrites a previously emitted file of the same name.
[2m[WebServer] [22mThe emitted file "chunks/sram_core.sol.js.br" overwrites a previously emitted file of the same name.
[2m[WebServer] [22mThe emitted file "chunks/clocking_sampler.sol.js.br" overwrites a previously emitted file of the same name.
[2m[WebServer] [22mThe emitted file "chunks/tb_top11.js.br" overwrites a previously emitted file of the same name.
[2m[WebServer] [22mThe emitted file "chunks/data_types.sol.js.br" overwrites a previously emitted file of the same name.
[2m[WebServer] [22mThe emitted file "chunks/tb.sol.js.br" overwrites a previously emitted file of the same name.
[2m[WebServer] [22mThe emitted file "chunks/mem_ctrl.sol.js.br" overwrites a previously emitted file of the same name.
[2m[WebServer] [22mThe emitted file "chunks/mem_test_corner.sol.js.br" overwrites a previously emitted file of the same name.
[2m[WebServer] [22mThe emitted file "chunks/mem_test.sol.js.br" overwrites a previously emitted file of the same name.
[2m[WebServer] [22mThe emitted file "chunks/mem_scoreboard.sol.js.br" overwrites a previously emitted file of the same name.
[2m[WebServer] [22mThe emitted file "chunks/mem_coverage.sol2.js.br" overwrites a previously emitted file of the same name.
[2m[WebServer] [22mThe emitted file "z3/z3-built.js.gz" overwrites a previously emitted file of the same name.
[2m[WebServer] [22mThe emitted file "_app/immutable/assets/_layout.pyACZoIW.css.br" overwrites a previously emitted file of the same name.
[2m[WebServer] [22mThe emitted file "chunks/framework-vendor.js.br" overwrites a previously emitted file of the same name.
[2m[WebServer] [22mThe emitted file "z3/z3-built.js.br" overwrites a previously emitted file of the same name.
[2m[WebServer] [22m(node:155475) Warning: The 'NO_COLOR' env is ignored due to the 'FORCE_COLOR' env being set.
[2m[WebServer] [22m(Use `node --trace-warnings ...` to show where the warning was created)
[2m[WebServer] [22m1:33:39 PM [vite-plugin-svelte] src/routes/lesson/[part]/[name]/+page.svelte:565:10 `<div>` with a click handler must have an ARIA role
[2m[WebServer] [22mhttps://svelte.dev/e/a11y_no_static_element_interactions
[2m[WebServer] [22m563:         {#if showOptions}
[2m[WebServer] [22m564:           <!-- svelte-ignore a11y_click_events_have_key_events a11y_no_static_element_interactions -->
[2m[WebServer] [22m565:           <div class="fixed inset-0 z-40" onclick={() => (showOptions = false)}></div>
[2m[WebServer] [22m                                                                                           ^
[2m[WebServer] [22m566:           <div class="absolute right-0 top-[calc(100%+0.4rem)] z-50 bg-surface border border-border rounded-[12px] shadow-app p-2 flex flex-col min-w-[160px]">
[2m[WebServer] [22m567:             {#if hasSolution}
[2m[WebServer] [22m1:33:39 PM [vite-plugin-svelte] src/routes/lesson/[part]/[name]/+page.svelte:876:2 `<div>` with a click handler must have an ARIA role
[2m[WebServer] [22mhttps://svelte.dev/e/a11y_no_static_element_interactions
[2m[WebServer] [22m874: {#if showCopyModal}
[2m[WebServer] [22m875:   <!-- svelte-ignore a11y_click_events_have_key_events a11y_no_static_element_interactions -->
[2m[WebServer] [22m876:   <div class="fixed inset-0 bg-black/50 flex items-center justify-center z-50"
[2m[WebServer] [22m             ^
[2m[WebServer] [22m877:        onclick={(e) => e.target === e.currentTarget && onCopyModalOk()}>
[2m[WebServer] [22m878:     <div role="dialog" aria-modal="true" aria-labelledby="copy-modal-title"
[2m[WebServer] [22m1:33:39 PM [vite-plugin-svelte] src/routes/lesson/[part]/[name]/+page.svelte:878:4 Elements with the 'dialog' interactive role must have a tabindex value
[2m[WebServer] [22mhttps://svelte.dev/e/a11y_interactive_supports_focus
[2m[WebServer] [22m876:   <div class="fixed inset-0 bg-black/50 flex items-center justify-center z-50"
[2m[WebServer] [22m877:        onclick={(e) => e.target === e.currentTarget && onCopyModalOk()}>
[2m[WebServer] [22m878:     <div role="dialog" aria-modal="true" aria-labelledby="copy-modal-title"
[2m[WebServer] [22m               ^
[2m[WebServer] [22m879:          onkeydown={onCopyModalKeydown}
[2m[WebServer] [22m880:          class="bg-surface rounded-[14px] shadow-xl p-8 max-w-[440px] mx-4 flex flex-col gap-4 border border-border">
[2m[WebServer] [22m1:33:39 PM [vite-plugin-svelte] src/routes/lesson/[part]/[name]/+page.svelte:891:8 Avoid using autofocus
[2m[WebServer] [22mhttps://svelte.dev/e/a11y_autofocus
[2m[WebServer] [22m889:       </label>
[2m[WebServer] [22m890:       <button
[2m[WebServer] [22m891:         autofocus
[2m[WebServer] [22m                      ^
[2m[WebServer] [22m892:         onclick={onCopyModalOk}
[2m[WebServer] [22m893:         class="self-start px-6 py-[0.45rem] bg-teal text-white rounded-[8px] font-medium text-[0.9rem] hover:opacity-90 transition-opacity"
[2m[WebServer] [22mThe emitted file "_app/immutable/chunks/Ct5FWWRu.js.gz" overwrites a previously emitted file of the same name.
[2m[WebServer] [22mThe emitted file "_app/immutable/chunks/BvSt-6Mz.js.gz" overwrites a previously emitted file of the same name.
[2m[WebServer] [22mThe emitted file "_app/immutable/chunks/BTilRXZg.js.gz" overwrites a previously emitted file of the same name.
[2m[WebServer] [22mThe emitted file "_app/immutable/chunks/ZbvBbQ3O.js.gz" overwrites a previously emitted file of the same name.
[2m[WebServer] [22mThe emitted file "_app/immutable/chunks/DUbITrbG.js.gz" overwrites a previously emitted file of the same name.
[2m[WebServer] [22mThe emitted file "_app/immutable/assets/0.pyACZoIW.css.gz" overwrites a previously emitted file of the same name.
[2m[WebServer] [22mThe emitted file "_app/immutable/chunks/DOdMThWa.js.gz" overwrites a previously emitted file of the same name.
[2m[WebServer] [22mThe emitted file "_app/immutable/chunks/BOY5xtYv.js.gz" overwrites a previously emitted file of the same name.
[2m[WebServer] [22mThe emitted file "_app/immutable/chunks/NnL-VVZl.js.gz" overwrites a previously emitted file of the same name.
[2m[WebServer] [22mThe emitted file "_app/immutable/chunks/DpDI9UhS.js.gz" overwrites a previously emitted file of the same name.
[2m[WebServer] [22mThe emitted file "_app/immutable/chunks/BxM6mpEs.js.gz" overwrites a previously emitted file of the same name.
[2m[WebServer] [22mThe emitted file "_app/immutable/chunks/DG0B7RDJ.js.gz" overwrites a previously emitted file of the same name.
[2m[WebServer] [22mThe emitted file "_app/immutable/chunks/C7I5d7xM.js.gz" overwrites a previously emitted file of the same name.
[2m[WebServer] [22mThe emitted file "_app/immutable/chunks/C3i4gfUc.js.gz" overwrites a previously emitted file of the same name.
[2m[WebServer] [22mThe emitted file "_app/immutable/chunks/CCCbPsjI.js.gz" overwrites a previously emitted file of the same name.
[2m[WebServer] [22mThe emitted file "_app/immutable/chunks/C8A-isPA.js.gz" overwrites a previously emitted file of the same name.
[2m[WebServer] [22mThe emitted file "_app/immutable/chunks/CVRbxJoZ.js.gz" overwrites a previously emitted file of the same name.
[2m[WebServer] [22mThe emitted file "_app/immutable/chunks/B0GARutp.js.gz" overwrites a previously emitted file of the same name.
[2m[WebServer] [22mThe emitted file "_app/immutable/chunks/DAw9e1Ef.js.gz" overwrites a previously emitted file of the same name.
[2m[WebServer] [22mThe emitted file "_app/immutable/chunks/0nuWd-tj.js.gz" overwrites a previously emitted file of the same name.
[2m[WebServer] [22mThe emitted file "_app/immutable/chunks/CpZmIYs7.js.gz" overwrites a previously emitted file of the same name.
[2m[WebServer] [22mThe emitted file "_app/immutable/chunks/ETCOPTPi.js.gz" overwrites a previously emitted file of the same name.
[2m[WebServer] [22mThe emitted file "_app/immutable/chunks/D_RaWvT9.js.gz" overwrites a previously emitted file of the same name.
[2m[WebServer] [22mThe emitted file "_app/immutable/chunks/Do8kS4Ss.js.gz" overwrites a previously emitted file of the same name.
[2m[WebServer] [22mThe emitted file "_app/immutable/chunks/BzRd9zu8.js.gz" overwrites a previously emitted file of the same name.
[2m[WebServer] [22mThe emitted file "_app/immutable/chunks/C3uHNFVB.js.gz" overwrites a previously emitted file of the same name.
[2m[WebServer] [22mThe emitted file "_app/immutable/chunks/BeVVrCG2.js.gz" overwrites a previously emitted file of the same name.
[2m[WebServer] [22mThe emitted file "_app/immutable/chunks/ChUK8phx.js.gz" overwrites a previously emitted file of the same name.
[2m[WebServer] [22mThe emitted file "_app/immutable/chunks/5xUgoJn8.js.gz" overwrites a previously emitted file of the same name.
[2m[WebServer] [22mThe emitted file "_app/immutable/chunks/y46UC8Pn.js.gz" overwrites a previously emitted file of the same name.
[2m[WebServer] [22mThe emitted file "_app/immutable/chunks/BM-IpmjI.js.gz" overwrites a previously emitted file of the same name.
[2m[WebServer] [22mThe emitted file "_app/immutable/chunks/C_HfVgGI.js.gz" overwrites a previously emitted file of the same name.
[2m[WebServer] [22mThe emitted file "_app/immutable/chunks/DQqxcqcQ.js.gz" overwrites a previously emitted file of the same name.
[2m[WebServer] [22mThe emitted file "_app/immutable/chunks/DSvT7YWx.js.gz" overwrites a previously emitted file of the same name.
[2m[WebServer] [22mThe emitted file "_app/immutable/chunks/2dxtCG1l.js.gz" overwrites a previously emitted file of the same name.
[2m[WebServer] [22mThe emitted file "_app/immutable/chunks/BnznF27I.js.gz" overwrites a previously emitted file of the same name.
[2m[WebServer] [22mThe emitted file "_app/immutable/chunks/BE2Jg6Wl.js.gz" overwrites a previously emitted file of the same name.
[2m[WebServer] [22mThe emitted file "_app/immutable/chunks/D062ba13.js.gz" overwrites a previously emitted file of the same name.
[2m[WebServer] [22mThe emitted file "_app/immutable/chunks/BmemkIm3.js.gz" overwrites a previously emitted file of the same name.
[2m[WebServer] [22mThe emitted file "_app/immutable/chunks/D_NJHkLG.js.gz" overwrites a previously emitted file of the same name.
[2m[WebServer] [22mThe emitted file "_app/immutable/chunks/Cc-PZjy_.js.gz" overwrites a previously emitted file of the same name.
[2m[WebServer] [22mThe emitted file "_app/immutable/chunks/z8UcepSS.js.gz" overwrites a previously emitted file of the same name.
[2m[WebServer] [22mThe emitted file "_app/immutable/chunks/C0JRc_15.js.gz" overwrites a previously emitted file of the same name.
[2m[WebServer] [22mThe emitted file "_app/immutable/chunks/CzKh0rW_.js.gz" overwrites a previously emitted file of the same name.
[2m[WebServer] [22mThe emitted file "_app/immutable/chunks/Cqy_Hq0G.js.gz" overwrites a previously emitted file of the same name.
[2m[WebServer] [22mThe emitted file "_app/immutable/chunks/BSTtdMK2.js.gz" overwrites a previously emitted file of the same name.
[2m[WebServer] [22mThe emitted file "_app/immutable/chunks/aVPsx8Kb.js.gz" overwrites a previously emitted file of the same name.
[2m[WebServer] [22mThe emitted file "_app/immutable/chunks/N3Ue16fn.js.gz" overwrites a previously emitted file of the same name.
[2m[WebServer] [22mThe emitted file "_app/immutable/chunks/0yqCNIFd.js.gz" overwrites a previously emitted file of the same name.
[2m[WebServer] [22mThe emitted file "_app/immutable/chunks/Bp_p3hTn.js.gz" overwrites a previously emitted file of the same name.
[2m[WebServer] [22mThe emitted file "_app/immutable/chunks/DC9AJd22.js.gz" overwrites a previously emitted file of the same name.
[2m[WebServer] [22mThe emitted file "_app/immutable/chunks/Xch_uE25.js.gz" overwrites a previously emitted file of the same name.
[2m[WebServer] [22mThe emitted file "_app/immutable/chunks/DOidMT9d.js.gz" overwrites a previously emitted file of the same name.
[2m[WebServer] [22mThe emitted file "_app/immutable/chunks/D6OnJblV.js.gz" overwrites a previously emitted file of the same name.
[2m[WebServer] [22mThe emitted file "_app/immutable/chunks/3acQ_sZZ.js.gz" overwrites a previously emitted file of the same name.
[2m[WebServer] [22mThe emitted file "_app/immutable/chunks/DeA2s-Py.js.gz" overwrites a previously emitted file of the same name.
[2m[WebServer] [22mThe emitted file "_app/immutable/chunks/DGJPWKgv.js.gz" overwrites a previously emitted file of the same name.
[2m[WebServer] [22mThe emitted file "_app/immutable/chunks/DuXdy0Pu.js.gz" overwrites a previously emitted file of the same name.
[2m[WebServer] [22mThe emitted file "_app/immutable/chunks/CoKxt7TO.js.gz" overwrites a previously emitted file of the same name.
[2m[WebServer] [22mThe emitted file "_app/immutable/chunks/VXnp_5-S.js.gz" overwrites a previously emitted file of the same name.
[2m[WebServer] [22mThe emitted file "_app/immutable/chunks/9HIlToB-.js.gz" overwrites a previously emitted file of the same name.
[2m[WebServer] [22mThe emitted file "_app/immutable/chunks/BwxR0fli.js.gz" overwrites a previously emitted file of the same name.
[2m[WebServer] [22mThe emitted file "_app/immutable/chunks/B9oC8oC1.js.gz" overwrites a previously emitted file of the same name.
[2m[WebServer] [22mThe emitted file "_app/immutable/chunks/BVmminh2.js.gz" overwrites a previously emitted file of the same name.
[2m[WebServer] [22mThe emitted file "_app/immutable/chunks/Borf_y8H.js.gz" overwrites a previously emitted file of the same name.
[2m[WebServer] [22mThe emitted file "_app/immutable/chunks/CeUx2xKr.js.gz" overwrites a previously emitted file of the same name.
[2m[WebServer] [22mThe emitted file "_app/immutable/chunks/vxNyBt8e.js.gz" overwrites a previously emitted file of the same name.
[2m[WebServer] [22mThe emitted file "_app/immutable/chunks/Dtsriyy2.js.gz" overwrites a previously emitted file of the same name.
[2m[WebServer] [22mThe emitted file "_app/immutable/chunks/BtHVzm4f.js.gz" overwrites a previously emitted file of the same name.
[2m[WebServer] [22mThe emitted file "_app/immutable/chunks/raTojPQc.js.gz" overwrites a previously emitted file of the same name.
[2m[WebServer] [22mThe emitted file "_app/immutable/chunks/Dg93K7eF.js.gz" overwrites a previously emitted file of the same name.
[2m[WebServer] [22mThe emitted file "_app/immutable/chunks/BuaxE4DJ.js.gz" overwrites a previously emitted file of the same name.
[2m[WebServer] [22mThe emitted file "_app/immutable/chunks/BJq9eqgV.js.gz" overwrites a previously emitted file of the same name.
[2m[WebServer] [22mThe emitted file "_app/immutable/chunks/BOyf7KCJ.js.gz" overwrites a previously emitted file of the same name.
[2m[WebServer] [22mThe emitted file "_app/immutable/chunks/B9gDX6R0.js.gz" overwrites a previously emitted file of the same name.
[2m[WebServer] [22mThe emitted file "_app/immutable/chunks/DW00mYjE.js.gz" overwrites a previously emitted file of the same name.
[2m[WebServer] [22mThe emitted file "_app/immutable/chunks/q3_tuMQ0.js.gz" overwrites a previously emitted file of the same name.
[2m[WebServer] [22mThe emitted file "_app/immutable/chunks/_lklEm0r.js.gz" overwrites a previously emitted file of the same name.
[2m[WebServer] [22mThe emitted file "_app/immutable/chunks/CbC4yHhW.js.gz" overwrites a previously emitted file of the same name.
[2m[WebServer] [22mThe emitted file "_app/immutable/chunks/CHSvqkR4.js.gz" overwrites a previously emitted file of the same name.
[2m[WebServer] [22mThe emitted file "_app/immutable/chunks/DOKwNxAc.js.gz" overwrites a previously emitted file of the same name.
[2m[WebServer] [22mThe emitted file "_app/immutable/chunks/BWwFGwmR.js.gz" overwrites a previously emitted file of the same name.
[2m[WebServer] [22mThe emitted file "_app/immutable/chunks/Ct5FWWRu.js.br" overwrites a previously emitted file of the same name.
[2m[WebServer] [22mThe emitted file "_app/immutable/chunks/BvSt-6Mz.js.br" overwrites a previously emitted file of the same name.
[2m[WebServer] [22mThe emitted file "_app/immutable/chunks/BTilRXZg.js.br" overwrites a previously emitted file of the same name.
[2m[WebServer] [22mThe emitted file "_app/immutable/chunks/ZbvBbQ3O.js.br" overwrites a previously emitted file of the same name.
[2m[WebServer] [22mThe emitted file "_app/immutable/chunks/DUbITrbG.js.br" overwrites a previously emitted file of the same name.
[2m[WebServer] [22mThe emitted file "_app/immutable/chunks/DOdMThWa.js.br" overwrites a previously emitted file of the same name.
[2m[WebServer] [22mThe emitted file "_app/immutable/chunks/NnL-VVZl.js.br" overwrites a previously emitted file of the same name.
[2m[WebServer] [22mThe emitted file "_app/immutable/chunks/BOY5xtYv.js.br" overwrites a previously emitted file of the same name.
[2m[WebServer] [22mThe emitted file "_app/immutable/chunks/DpDI9UhS.js.br" overwrites a previously emitted file of the same name.
[2m[WebServer] [22mThe emitted file "_app/immutable/chunks/BxM6mpEs.js.br" overwrites a previously emitted file of the same name.
[2m[WebServer] [22mThe emitted file "_app/immutable/chunks/DG0B7RDJ.js.br" overwrites a previously emitted file of the same name.
[2m[WebServer] [22mThe emitted file "_app/immutable/chunks/C7I5d7xM.js.br" overwrites a previously emitted file of the same name.
[2m[WebServer] [22mThe emitted file "_app/immutable/chunks/C3i4gfUc.js.br" overwrites a previously emitted file of the same name.
[2m[WebServer] [22mThe emitted file "_app/immutable/chunks/CVRbxJoZ.js.br" overwrites a previously emitted file of the same name.
[2m[WebServer] [22mThe emitted file "_app/immutable/chunks/C8A-isPA.js.br" overwrites a previously emitted file of the same name.
[2m[WebServer] [22mThe emitted file "_app/immutable/chunks/DAw9e1Ef.js.br" overwrites a previously emitted file of the same name.
[2m[WebServer] [22mThe emitted file "_app/immutable/chunks/B0GARutp.js.br" overwrites a previously emitted file of the same name.
[2m[WebServer] [22mThe emitted file "_app/immutable/chunks/CCCbPsjI.js.br" overwrites a previously emitted file of the same name.
[2m[WebServer] [22mThe emitted file "_app/immutable/chunks/0nuWd-tj.js.br" overwrites a previously emitted file of the same name.
[2m[WebServer] [22mThe emitted file "_app/immutable/chunks/CpZmIYs7.js.br" overwrites a previously emitted file of the same name.
[2m[WebServer] [22mThe emitted file "_app/immutable/chunks/ETCOPTPi.js.br" overwrites a previously emitted file of the same name.
[2m[WebServer] [22mThe emitted file "_app/immutable/chunks/Do8kS4Ss.js.br" overwrites a previously emitted file of the same name.
[2m[WebServer] [22mThe emitted file "_app/immutable/chunks/BzRd9zu8.js.br" overwrites a previously emitted file of the same name.
[2m[WebServer] [22mThe emitted file "_app/immutable/chunks/D_RaWvT9.js.br" overwrites a previously emitted file of the same name.
[2m[WebServer] [22mThe emitted file "_app/immutable/chunks/ChUK8phx.js.br" overwrites a previously emitted file of the same name.
[2m[WebServer] [22mThe emitted file "_app/immutable/chunks/BeVVrCG2.js.br" overwrites a previously emitted file of the same name.
[2m[WebServer] [22mThe emitted file "_app/immutable/chunks/C3uHNFVB.js.br" overwrites a previously emitted file of the same name.
[2m[WebServer] [22mThe emitted file "_app/immutable/chunks/5xUgoJn8.js.br" overwrites a previously emitted file of the same name.
[2m[WebServer] [22mThe emitted file "_app/immutable/chunks/y46UC8Pn.js.br" overwrites a previously emitted file of the same name.
[2m[WebServer] [22mThe emitted file "_app/immutable/chunks/BM-IpmjI.js.br" overwrites a previously emitted file of the same name.
[2m[WebServer] [22mThe emitted file "_app/immutable/chunks/DQqxcqcQ.js.br" overwrites a previously emitted file of the same name.
[2m[WebServer] [22mThe emitted file "_app/immutable/chunks/C_HfVgGI.js.br" overwrites a previously emitted file of the same name.
[2m[WebServer] [22mThe emitted file "_app/immutable/chunks/2dxtCG1l.js.br" overwrites a previously emitted file of the same name.
[2m[WebServer] [22mThe emitted file "_app/immutable/chunks/DSvT7YWx.js.br" overwrites a previously emitted file of the same name.
[2m[WebServer] [22mThe emitted file "_app/immutable/chunks/BE2Jg6Wl.js.br" overwrites a previously emitted file of the same name.
[2m[WebServer] [22mThe emitted file "_app/immutable/chunks/BnznF27I.js.br" overwrites a previously emitted file of the same name.
[2m[WebServer] [22mThe emitted file "_app/immutable/chunks/BmemkIm3.js.br" overwrites a previously emitted file of the same name.
[2m[WebServer] [22mThe emitted file "_app/immutable/chunks/D062ba13.js.br" overwrites a previously emitted file of the same name.
[2m[WebServer] [22mThe emitted file "_app/immutable/chunks/D_NJHkLG.js.br" overwrites a previously emitted file of the same name.
[2m[WebServer] [22mThe emitted file "_app/immutable/assets/0.pyACZoIW.css.br" overwrites a previously emitted file of the same name.
[2m[WebServer] [22mThe emitted file "_app/immutable/chunks/z8UcepSS.js.br" overwrites a previously emitted file of the same name.
[2m[WebServer] [22mThe emitted file "_app/immutable/chunks/CzKh0rW_.js.br" overwrites a previously emitted file of the same name.
[2m[WebServer] [22mThe emitted file "_app/immutable/chunks/Cc-PZjy_.js.br" overwrites a previously emitted file of the same name.
[2m[WebServer] [22mThe emitted file "_app/immutable/chunks/Cqy_Hq0G.js.br" overwrites a previously emitted file of the same name.
[2m[WebServer] [22mThe emitted file "_app/immutable/chunks/C0JRc_15.js.br" overwrites a previously emitted file of the same name.
[2m[WebServer] [22mThe emitted file "_app/immutable/chunks/aVPsx8Kb.js.br" overwrites a previously emitted file of the same name.
[2m[WebServer] [22mThe emitted file "_app/immutable/chunks/BSTtdMK2.js.br" overwrites a previously emitted file of the same name.
[2m[WebServer] [22mThe emitted file "_app/immutable/chunks/N3Ue16fn.js.br" overwrites a previously emitted file of the same name.
[2m[WebServer] [22mThe emitted file "_app/immutable/chunks/0yqCNIFd.js.br" overwrites a previously emitted file of the same name.
[2m[WebServer] [22mThe emitted file "_app/immutable/chunks/Bp_p3hTn.js.br" overwrites a previously emitted file of the same name.
[2m[WebServer] [22mThe emitted file "_app/immutable/chunks/Xch_uE25.js.br" overwrites a previously emitted file of the same name.
[2m[WebServer] [22mThe emitted file "_app/immutable/chunks/DC9AJd22.js.br" overwrites a previously emitted file of the same name.
[2m[WebServer] [22mThe emitted file "_app/immutable/chunks/D6OnJblV.js.br" overwrites a previously emitted file of the same name.
[2m[WebServer] [22mThe emitted file "_app/immutable/chunks/DOidMT9d.js.br" overwrites a previously emitted file of the same name.
[2m[WebServer] [22mThe emitted file "_app/immutable/chunks/DGJPWKgv.js.br" overwrites a previously emitted file of the same name.
[2m[WebServer] [22mThe emitted file "_app/immutable/chunks/DeA2s-Py.js.br" overwrites a previously emitted file of the same name.
[2m[WebServer] [22mThe emitted file "_app/immutable/chunks/DuXdy0Pu.js.br" overwrites a previously emitted file of the same name.
[2m[WebServer] [22mThe emitted file "_app/immutable/chunks/3acQ_sZZ.js.br" overwrites a previously emitted file of the same name.
[2m[WebServer] [22mThe emitted file "_app/immutable/chunks/CoKxt7TO.js.br" overwrites a previously emitted file of the same name.
[2m[WebServer] [22mThe emitted file "_app/immutable/chunks/9HIlToB-.js.br" overwrites a previously emitted file of the same name.
[2m[WebServer] [22mThe emitted file "_app/immutable/chunks/B9oC8oC1.js.br" overwrites a previously emitted file of the same name.
[2m[WebServer] [22mThe emitted file "_app/immutable/chunks/VXnp_5-S.js.br" overwrites a previously emitted file of the same name.
[2m[WebServer] [22mThe emitted file "_app/immutable/chunks/BwxR0fli.js.br" overwrites a previously emitted file of the same name.
[2m[WebServer] [22mThe emitted file "_app/immutable/chunks/Borf_y8H.js.br" overwrites a previously emitted file of the same name.
[2m[WebServer] [22mThe emitted file "_app/immutable/chunks/vxNyBt8e.js.br" overwrites a previously emitted file of the same name.
[2m[WebServer] [22mThe emitted file "_app/immutable/chunks/BVmminh2.js.br" overwrites a previously emitted file of the same name.
[2m[WebServer] [22mThe emitted file "_app/immutable/chunks/Dtsriyy2.js.br" overwrites a previously emitted file of the same name.
[2m[WebServer] [22mThe emitted file "_app/immutable/chunks/raTojPQc.js.br" overwrites a previously emitted file of the same name.
[2m[WebServer] [22mThe emitted file "_app/immutable/chunks/CeUx2xKr.js.br" overwrites a previously emitted file of the same name.
[2m[WebServer] [22mThe emitted file "_app/immutable/chunks/BtHVzm4f.js.br" overwrites a previously emitted file of the same name.
[2m[WebServer] [22mThe emitted file "_app/immutable/chunks/Dg93K7eF.js.br" overwrites a previously emitted file of the same name.
[2m[WebServer] [22mThe emitted file "_app/immutable/chunks/BuaxE4DJ.js.br" overwrites a previously emitted file of the same name.
[2m[WebServer] [22mThe emitted file "_app/immutable/chunks/BOyf7KCJ.js.br" overwrites a previously emitted file of the same name.
[2m[WebServer] [22mThe emitted file "_app/immutable/chunks/BJq9eqgV.js.br" overwrites a previously emitted file of the same name.
[2m[WebServer] [22mThe emitted file "_app/immutable/chunks/B9gDX6R0.js.br" overwrites a previously emitted file of the same name.
[2m[WebServer] [22mThe emitted file "_app/immutable/chunks/DW00mYjE.js.br" overwrites a previously emitted file of the same name.
[2m[WebServer] [22mThe emitted file "_app/immutable/chunks/q3_tuMQ0.js.br" overwrites a previously emitted file of the same name.
[2m[WebServer] [22mThe emitted file "_app/immutable/chunks/_lklEm0r.js.br" overwrites a previously emitted file of the same name.
[2m[WebServer] [22mThe emitted file "_app/immutable/chunks/CbC4yHhW.js.br" overwrites a previously emitted file of the same name.
[2m[WebServer] [22mThe emitted file "_app/immutable/chunks/DOKwNxAc.js.br" overwrites a previously emitted file of the same name.
[2m[WebServer] [22mThe emitted file "_app/immutable/chunks/BWwFGwmR.js.br" overwrites a previously emitted file of the same name.
[2m[WebServer] [22mThe emitted file "_app/immutable/chunks/rTwWcpVh.js.gz" overwrites a previously emitted file of the same name.
[2m[WebServer] [22mThe emitted file "_app/immutable/chunks/z5uUbqDi.js.gz" overwrites a previously emitted file of the same name.
[2m[WebServer] [22mThe emitted file "_app/immutable/chunks/tzjMPNbo.js.gz" overwrites a previously emitted file of the same name.
[2m[WebServer] [22mThe emitted file "_app/immutable/chunks/CkC2rtOD.js.gz" overwrites a previously emitted file of the same name.
[2m[WebServer] [22mThe emitted file "_app/immutable/chunks/nOWm4ZCj.js.gz" overwrites a previously emitted file of the same name.
[2m[WebServer] [22mThe emitted file "_app/immutable/chunks/BEaHGMdo.js.gz" overwrites a previously emitted file of the same name.
[2m[WebServer] [22mThe emitted file "_app/immutable/chunks/DDG0WkFX.js.gz" overwrites a previously emitted file of the same name.
[2m[WebServer] [22mThe emitted file "_app/immutable/chunks/C2StIgra.js.gz" overwrites a previously emitted file of the same name.
[2m[WebServer] [22mThe emitted file "_app/immutable/chunks/wvZzq013.js.gz" overwrites a previously emitted file of the same name.
[2m[WebServer] [22mThe emitted file "_app/immutable/chunks/CVaoG6Mm.js.gz" overwrites a previously emitted file of the same name.
[2m[WebServer] [22mThe emitted file "_app/immutable/chunks/BOVawGtj.js.gz" overwrites a previously emitted file of the same name.
[2m[WebServer] [22mThe emitted file "_app/immutable/chunks/aSQN9eSz.js.gz" overwrites a previously emitted file of the same name.
[2m[WebServer] [22mThe emitted file "_app/immutable/chunks/CNW6smPz.js.gz" overwrites a previously emitted file of the same name.
[2m[WebServer] [22mThe emitted file "_app/immutable/chunks/iiRxwUpW.js.gz" overwrites a previously emitted file of the same name.
[2m[WebServer] [22mThe emitted file "_app/immutable/chunks/ospm93Nu.js.gz" overwrites a previously emitted file of the same name.
[2m[WebServer] [22mThe emitted file "_app/immutable/chunks/BD0QGgTT.js.gz" overwrites a previously emitted file of the same name.
[2m[WebServer] [22mThe emitted file "_app/immutable/chunks/DKCg7aIG.js.gz" overwrites a previously emitted file of the same name.
[2m[WebServer] [22mThe emitted file "_app/immutable/chunks/DC8bNOri.js.gz" overwrites a previously emitted file of the same name.
[2m[WebServer] [22mThe emitted file "_app/immutable/chunks/jQWh7PPI.js.gz" overwrites a previously emitted file of the same name.
[2m[WebServer] [22mThe emitted file "_app/immutable/chunks/CyuGRuj5.js.gz" overwrites a previously emitted file of the same name.
[2m[WebServer] [22mThe emitted file "_app/immutable/chunks/DvQQopnT.js.gz" overwrites a previously emitted file of the same name.
[2m[WebServer] [22mThe emitted file "_app/immutable/chunks/C9r51JyP.js.gz" overwrites a previously emitted file of the same name.
[2m[WebServer] [22mThe emitted file "_app/immutable/chunks/B8rG7f7b.js.gz" overwrites a previously emitted file of the same name.
[2m[WebServer] [22mThe emitted file "_app/immutable/chunks/Dgz_d6Tq.js.gz" overwrites a previously emitted file of the same name.
[2m[WebServer] [22mThe emitted file "_app/immutable/chunks/syYxJxYR.js.gz" overwrites a previously emitted file of the same name.
[2m[WebServer] [22mThe emitted file "_app/immutable/chunks/HXKoXZXl.js.gz" overwrites a previously emitted file of the same name.
[2m[WebServer] [22mThe emitted file "_app/immutable/chunks/Ittc3UtS.js.gz" overwrites a previously emitted file of the same name.
[2m[WebServer] [22mThe emitted file "_app/immutable/chunks/B3lKhr2e.js.gz" overwrites a previously emitted file of the same name.
[2m[WebServer] [22mThe emitted file "_app/immutable/chunks/wCmxT7mN.js.gz" overwrites a previously emitted file of the same name.
[2m[WebServer] [22mThe emitted file "_app/immutable/chunks/CHSvqkR4.js.br" overwrites a previously emitted file of the same name.
[2m[WebServer] [22mThe emitted file "_app/immutable/chunks/rTwWcpVh.js.br" overwrites a previously emitted file of the same name.
[2m[WebServer] [22mThe emitted file "_app/immutable/chunks/tzjMPNbo.js.br" overwrites a previously emitted file of the same name.
[2m[WebServer] [22mThe emitted file "_app/immutable/chunks/CkC2rtOD.js.br" overwrites a previously emitted file of the same name.
[2m[WebServer] [22mThe emitted file "_app/immutable/chunks/nOWm4ZCj.js.br" overwrites a previously emitted file of the same name.
[2m[WebServer] [22mThe emitted file "_app/immutable/chunks/DDG0WkFX.js.br" overwrites a previously emitted file of the same name.
[2m[WebServer] [22mThe emitted file "_app/immutable/chunks/BEaHGMdo.js.br" overwrites a previously emitted file of the same name.
[2m[WebServer] [22mThe emitted file "_app/immutable/chunks/C2StIgra.js.br" overwrites a previously emitted file of the same name.
[2m[WebServer] [22mThe emitted file "_app/immutable/chunks/wvZzq013.js.br" overwrites a previously emitted file of the same name.
[2m[WebServer] [22mThe emitted file "_app/immutable/chunks/CVaoG6Mm.js.br" overwrites a previously emitted file of the same name.
[2m[WebServer] [22mThe emitted file "_app/immutable/chunks/aSQN9eSz.js.br" overwrites a previously emitted file of the same name.
[2m[WebServer] [22mThe emitted file "_app/immutable/chunks/BOVawGtj.js.br" overwrites a previously emitted file of the same name.
[2m[WebServer] [22mThe emitted file "_app/immutable/chunks/CNW6smPz.js.br" overwrites a previously emitted file of the same name.
[2m[WebServer] [22mThe emitted file "_app/immutable/chunks/iiRxwUpW.js.br" overwrites a previously emitted file of the same name.
[2m[WebServer] [22mThe emitted file "_app/immutable/chunks/ospm93Nu.js.br" overwrites a previously emitted file of the same name.
[2m[WebServer] [22mThe emitted file "_app/immutable/chunks/BD0QGgTT.js.br" overwrites a previously emitted file of the same name.
[2m[WebServer] [22mThe emitted file "_app/immutable/chunks/DKCg7aIG.js.br" overwrites a previously emitted file of the same name.
[2m[WebServer] [22mThe emitted file "_app/immutable/chunks/DC8bNOri.js.br" overwrites a previously emitted file of the same name.
[2m[WebServer] [22mThe emitted file "_app/immutable/chunks/jQWh7PPI.js.br" overwrites a previously emitted file of the same name.
[2m[WebServer] [22mThe emitted file "_app/immutable/chunks/CyuGRuj5.js.br" overwrites a previously emitted file of the same name.
[2m[WebServer] [22mThe emitted file "_app/immutable/chunks/DvQQopnT.js.br" overwrites a previously emitted file of the same name.
[2m[WebServer] [22mThe emitted file "_app/immutable/chunks/C9r51JyP.js.br" overwrites a previously emitted file of the same name.
[2m[WebServer] [22mThe emitted file "_app/immutable/chunks/B8rG7f7b.js.br" overwrites a previously emitted file of the same name.
[2m[WebServer] [22mThe emitted file "_app/immutable/chunks/Dgz_d6Tq.js.br" overwrites a previously emitted file of the same name.
[2m[WebServer] [22mThe emitted file "_app/immutable/chunks/syYxJxYR.js.br" overwrites a previously emitted file of the same name.
[2m[WebServer] [22mThe emitted file "_app/immutable/chunks/HXKoXZXl.js.br" overwrites a previously emitted file of the same name.
[2m[WebServer] [22mThe emitted file "_app/immutable/chunks/Ittc3UtS.js.br" overwrites a previously emitted file of the same name.
[2m[WebServer] [22mThe emitted file "_app/immutable/chunks/B3lKhr2e.js.br" overwrites a previously emitted file of the same name.
[2m[WebServer] [22mThe emitted file "_app/immutable/chunks/wCmxT7mN.js.br" overwrites a previously emitted file of the same name.
[2m[WebServer] [22mThe emitted file "_app/immutable/chunks/BJKMLmRX.js.gz" overwrites a previously emitted file of the same name.
[2m[WebServer] [22mThe emitted file "_app/immutable/chunks/DWZl-527.js.gz" overwrites a previously emitted file of the same name.
[2m[WebServer] [22mThe emitted file "_app/immutable/chunks/CXmfRLlX.js.gz" overwrites a previously emitted file of the same name.
[2m[WebServer] [22mThe emitted file "_app/immutable/chunks/DmXFdYGK.js.gz" overwrites a previously emitted file of the same name.
[2m[WebServer] [22mThe emitted file "_app/immutable/chunks/JY777Dgl.js.gz" overwrites a previously emitted file of the same name.
[2m[WebServer] [22mThe emitted file "_app/immutable/chunks/n5PEsawt.js.gz" overwrites a previously emitted file of the same name.
[2m[WebServer] [22mThe emitted file "_app/immutable/chunks/t2zxKrX4.js.gz" overwrites a previously emitted file of the same name.
[2m[WebServer] [22mThe emitted file "_app/immutable/chunks/BDE9gFB-.js.gz" overwrites a previously emitted file of the same name.
[2m[WebServer] [22mThe emitted file "_app/immutable/chunks/BM6HY_3J.js.gz" overwrites a previously emitted file of the same name.
[2m[WebServer] [22mThe emitted file "_app/immutable/chunks/BHGSTKPH.js.gz" overwrites a previously emitted file of the same name.
[2m[WebServer] [22mThe emitted file "_app/immutable/chunks/CMjh7WxQ.js.gz" overwrites a previously emitted file of the same name.
[2m[WebServer] [22mThe emitted file "_app/immutable/chunks/HGmO3XpX.js.gz" overwrites a previously emitted file of the same name.
[2m[WebServer] [22mThe emitted file "_app/immutable/chunks/DbVMJeIJ.js.gz" overwrites a previously emitted file of the same name.
[2m[WebServer] [22mThe emitted file "_app/immutable/chunks/DXm-RA8M.js.gz" overwrites a previously emitted file of the same name.
[2m[WebServer] [22mThe emitted file "_app/immutable/chunks/CoR2O1Iz.js.gz" overwrites a previously emitted file of the same name.
[2m[WebServer] [22mThe emitted file "_app/immutable/chunks/BJKMLmRX.js.br" overwrites a previously emitted file of the same name.
[2m[WebServer] [22mThe emitted file "_app/immutable/chunks/DWZl-527.js.br" overwrites a previously emitted file of the same name.
[2m[WebServer] [22mThe emitted file "_app/immutable/chunks/CXmfRLlX.js.br" overwrites a previously emitted file of the same name.
[2m[WebServer] [22mThe emitted file "_app/immutable/chunks/DmXFdYGK.js.br" overwrites a previously emitted file of the same name.
[2m[WebServer] [22mThe emitted file "_app/immutable/chunks/n5PEsawt.js.br" overwrites a previously emitted file of the same name.
[2m[WebServer] [22mThe emitted file "_app/immutable/chunks/JY777Dgl.js.br" overwrites a previously emitted file of the same name.
[2m[WebServer] [22mThe emitted file "_app/immutable/chunks/t2zxKrX4.js.br" overwrites a previously emitted file of the same name.
[2m[WebServer] [22mThe emitted file "_app/immutable/chunks/BDE9gFB-.js.br" overwrites a previously emitted file of the same name.
[2m[WebServer] [22mThe emitted file "_app/immutable/chunks/BHGSTKPH.js.br" overwrites a previously emitted file of the same name.
[2m[WebServer] [22mThe emitted file "_app/immutable/chunks/BM6HY_3J.js.br" overwrites a previously emitted file of the same name.
[2m[WebServer] [22mThe emitted file "_app/immutable/chunks/CMjh7WxQ.js.br" overwrites a previously emitted file of the same name.
[2m[WebServer] [22mThe emitted file "_app/immutable/chunks/HGmO3XpX.js.br" overwrites a previously emitted file of the same name.
[2m[WebServer] [22mThe emitted file "_app/immutable/chunks/DbVMJeIJ.js.br" overwrites a previously emitted file of the same name.
[2m[WebServer] [22mThe emitted file "_app/immutable/chunks/CoR2O1Iz.js.br" overwrites a previously emitted file of the same name.
[2m[WebServer] [22mThe emitted file "_app/immutable/chunks/DXm-RA8M.js.br" overwrites a previously emitted file of the same name.
[2m[WebServer] [22mThe emitted file "_app/immutable/chunks/Cw9QGdVq.js.gz" overwrites a previously emitted file of the same name.
[2m[WebServer] [22mThe emitted file "_app/immutable/chunks/Gf2-aJmM.js.gz" overwrites a previously emitted file of the same name.
[2m[WebServer] [22mThe emitted file "_app/immutable/chunks/B0meSb2_.js.gz" overwrites a previously emitted file of the same name.
[2m[WebServer] [22mThe emitted file "_app/immutable/chunks/Cfi-fjIU.js.gz" overwrites a previously emitted file of the same name.
[2m[WebServer] [22mThe emitted file "_app/immutable/chunks/B9W2l2EV.js.gz" overwrites a previously emitted file of the same name.
[2m[WebServer] [22mThe emitted file "_app/immutable/chunks/CtPe9Zrg.js.gz" overwrites a previously emitted file of the same name.
[2m[WebServer] [22mThe emitted file "_app/immutable/chunks/Cpn5qg69.js.gz" overwrites a previously emitted file of the same name.
[2m[WebServer] [22mThe emitted file "_app/immutable/chunks/CD8bcmSu.js.gz" overwrites a previously emitted file of the same name.
[2m[WebServer] [22mThe emitted file "_app/immutable/chunks/a2S2qzfI.js.gz" overwrites a previously emitted file of the same name.
[2m[WebServer] [22mThe emitted file "_app/immutable/chunks/dToVqrmF.js.gz" overwrites a previously emitted file of the same name.
[2m[WebServer] [22mThe emitted file "_app/immutable/chunks/B50rBDf3.js.gz" overwrites a previously emitted file of the same name.
[2m[WebServer] [22mThe emitted file "_app/immutable/entry/app.saCao4Zg.js.gz" overwrites a previously emitted file of the same name.
[2m[WebServer] [22mThe emitted file "_app/immutable/chunks/DV3-5ho0.js.gz" overwrites a previously emitted file of the same name.
[2m[WebServer] [22mThe emitted file "_app/immutable/nodes/0.qY3LGq10.js.gz" overwrites a previously emitted file of the same name.
[2m[WebServer] [22mThe emitted file "_app/immutable/chunks/Gf2-aJmM.js.br" overwrites a previously emitted file of the same name.
[2m[WebServer] [22mThe emitted file "_app/immutable/chunks/B0meSb2_.js.br" overwrites a previously emitted file of the same name.
[2m[WebServer] [22mThe emitted file "_app/immutable/chunks/Cfi-fjIU.js.br" overwrites a previously emitted file of the same name.
[2m[WebServer] [22mThe emitted file "_app/immutable/chunks/B9W2l2EV.js.br" overwrites a previously emitted file of the same name.
[2m[WebServer] [22mThe emitted file "_app/immutable/chunks/CtPe9Zrg.js.br" overwrites a previously emitted file of the same name.
[2m[WebServer] [22mThe emitted file "_app/immutable/chunks/Cpn5qg69.js.br" overwrites a previously emitted file of the same name.
[2m[WebServer] [22mThe emitted file "_app/immutable/chunks/CD8bcmSu.js.br" overwrites a previously emitted file of the same name.
[2m[WebServer] [22mThe emitted file "_app/immutable/chunks/a2S2qzfI.js.br" overwrites a previously emitted file of the same name.
[2m[WebServer] [22mThe emitted file "_app/immutable/chunks/dToVqrmF.js.br" overwrites a previously emitted file of the same name.
[2m[WebServer] [22mThe emitted file "_app/immutable/chunks/B50rBDf3.js.br" overwrites a previously emitted file of the same name.
[2m[WebServer] [22mThe emitted file "_app/immutable/entry/app.saCao4Zg.js.br" overwrites a previously emitted file of the same name.
[2m[WebServer] [22mThe emitted file "_app/immutable/nodes/0.qY3LGq10.js.br" overwrites a previously emitted file of the same name.
[2m[WebServer] [22mThe emitted file "_app/immutable/nodes/3.BWvJkwBH.js.gz" overwrites a previously emitted file of the same name.
[2m[WebServer] [22mThe emitted file "_app/immutable/chunks/CIoN5_hz.js.gz" overwrites a previously emitted file of the same name.
[2m[WebServer] [22mThe emitted file "_app/immutable/chunks/DV3-5ho0.js.br" overwrites a previously emitted file of the same name.
[2m[WebServer] [22mThe emitted file "z3/z3-built.js.gz" overwrites a previously emitted file of the same name.
[2m[WebServer] [22mThe emitted file "_app/immutable/chunks/z5uUbqDi.js.br" overwrites a previously emitted file of the same name.
[2m[WebServer] [22mThe emitted file "_app/immutable/chunks/CIoN5_hz.js.br" overwrites a previously emitted file of the same name.
[2m[WebServer] [22mThe emitted file "_app/immutable/nodes/3.BWvJkwBH.js.br" overwrites a previously emitted file of the same name.
[2m[WebServer] [22mThe emitted file "z3/z3-built.js.br" overwrites a previously emitted file of the same name.
[2m[WebServer] [22mThe emitted file "_app/immutable/chunks/Cw9QGdVq.js.br" overwrites a previously emitted file of the same name.
[2m[WebServer] [22m(node:155475) Warning: The 'NO_COLOR' env is ignored due to the 'FORCE_COLOR' env being set.
[2m[WebServer] [22m(Use `node --trace-warnings ...` to show where the warning was created)
[2m[WebServer] [22m(node:156447) Warning: The 'NO_COLOR' env is ignored due to the 'FORCE_COLOR' env being set.
[2m[WebServer] [22m(Use `node --trace-warnings ...` to show where the warning was created)

Running 1 test using 1 worker

(node:156573) Warning: The 'NO_COLOR' env is ignored due to the 'FORCE_COLOR' env being set.
(Use `node --trace-warnings ...` to show where the warning was created)
(node:156573) Warning: The 'NO_COLOR' env is ignored due to the 'FORCE_COLOR' env being set.
(Use `node --trace-warnings ...` to show where the warning was created)
[2m[WebServer] [22m
[2m[WebServer] [22m[1;31m[404] GET /mox/mox-run.js[0m
  ✘  1 e2e/qa-all-lessons.spec.js:66:5 › [29] Protected Envelope Boundary › run (2.1s)

  1 passed (31.4s)
