mox-run wall guards: compile=25000ms simulation=disabled
<unknown>:0: warning: protected envelope skipped because no protected keyring was provided; protected payload remains opaque
src/lessons/sv/protected-envelope-boundary/protected_envelope.sol.sv:5:18: warning: unknown pragma protect keyword 'end_data_block' [-Wunknown-protect-keyword]
//pragma protect end_data_block
                 ^
[mox-run] parse (4ms, total: 4ms)
[mox-run] lower (2ms, total: 6ms)
[mox-run] simulate (0ms, total: 6ms)
[mox-sim] Auto-enabling --skip-passes for module marked mox.sim.preprocessed
[mox-sim] Stage: passes (prev: 0ms, total: 0ms)
[mox-sim] Stage: init (prev: 0ms, total: 0ms)
[mox-sim] Found 1 LLHD processes, 0 LLHD finals, 0 seq.initial blocks, and 0 hw.instance ops (out of 7 total ops) in module
[mox-sim] Registered 0 LLHD signals and 1 LLHD processes/initial blocks
[mox-sim] Receipt: INIT_COMPLETE_OK execution_failure=0 process_dispatches=0
[mox-sim] Stage: run (prev: 1ms, total: 1ms)
[mox-sim] Starting simulation
PASS: opaque protected wrapper
[mox-sim] sim.terminate triggered in process ID 1 at loc("src/lessons/sv/protected-envelope-boundary/protected_envelope.sol.sv":9:5 to :13)
[mox-sim] Simulation terminated at time 0 fs (success=true, verbose=true)
[mox-sim] Main loop exit: shouldContinue()=false at time 0 fs, iter=1, deltas=1
[mox-sim] Simulation finished at time 0 fs
[mox-sim] Simulation completed at time 0 fs
[mox-sim] Simulation completed
