mox-run wall guards: compile=25000ms simulation=disabled
[mox-run] parse (5ms, total: 5ms)
[mox-run] lower (10ms, total: 16ms)
[mox-run] simulate (0ms, total: 17ms)
[mox-sim] Auto-enabling --skip-passes for module marked mox.sim.preprocessed
[mox-sim] Stage: passes (prev: 0ms, total: 0ms)
[mox-sim] Stage: init (prev: 0ms, total: 0ms)
Using module 'tb' as top module
[mox-sim] Found 3 LLHD processes, 0 LLHD finals, 0 seq.initial blocks, and 0 hw.instance ops (out of 238 total ops) in module
[mox-sim] Registered 11 LLHD signals and 3 LLHD processes/initial blocks
[mox-sim] Receipt: INIT_COMPLETE_OK execution_failure=0 process_dispatches=0
[mox-sim] Stage: run (prev: 1ms, total: 1ms)
[mox-sim] Starting simulation
INITIAL q=1
PASS
[mox-sim] sim.terminate triggered in process ID 3 at loc("/var/tmp/thomas-ahle/sv-tutorial/src/lessons/sv/sequential-udp-init/sequential_udp.sol.sv":32:5 to :13)
[mox-sim] Simulation terminated at time 3000000 fs (success=true, verbose=true)
[mox-sim] Main loop exit: shouldContinue()=false at time 3000000 fs, iter=4, deltas=1
[mox-sim] Simulation finished at time 3000000 fs
[mox-sim] Simulation completed at time 3000000 fs
[mox-sim] Simulation completed
