mox-run wall guards: compile=25000ms simulation=disabled
/var/tmp/thomas-ahle/sv-tutorial/src/lessons/sv/indexed-part-select/indexed_part_select.sol.sv:11:26: warning: cannot select range of [11:8] from 'logic[7:0]' [-Wrange-oob]
    partial_slice = data[8 +: 4];
                         ^
[mox-run] parse (4ms, total: 4ms)
[mox-run] lower (3ms, total: 7ms)
[mox-run] aot-start (0ms, total: 8ms)
[mox-run] AOT compile log: /tmp/mox-scratch/a8e5ccd3bff512bd85be743cbbba161ae06504793c695db14b39d861ac39713b/session-79a8d4559a3893576d58e843b03e833f36f061622944d2b6a97d6f9b6fd48f34/mox-run-aot-84ccdb.log
[mox-compile] Wrote /tmp/mox-scratch/a8e5ccd3bff512bd85be743cbbba161ae06504793c695db14b39d861ac39713b/session-79a8d4559a3893576d58e843b03e833f36f061622944d2b6a97d6f9b6fd48f34/mox-run-aot-422343.so (1 processes, 0 functions, 0 trampolines, 8.469800e-02s)
[mox-run] aot-compile (101ms, total: 109ms)
[mox-run] simulate (0ms, total: 109ms)
[mox-sim] Auto-enabling --skip-passes for module marked mox.sim.preprocessed
[mox-sim] Stage: passes (prev: 0ms, total: 0ms)
[mox-sim] aot-publication/v2 domain=module-loader-functions expected=0 accounted=0 positive=0 negative=0 missing=0 duplicate=0 unexpected=0 malformed=0 status=ok digest=sha256:14a1ea4827eceb6099f752ac175f21d9feeed50ece269718c7050338ed779cdd
[mox-sim] aot-publication/v2 domain=module-loader-processes expected=1 accounted=1 positive=1 negative=0 missing=0 duplicate=0 unexpected=0 malformed=0 status=ok digest=sha256:dbece0947e8df29c3d674a06bb85a08e2b7bd4a0382cd6522ab2c5fa69007e8e
[mox-sim] aot-publication/v2 domain=module-loader-address-bound-globals expected=13 accounted=13 positive=13 negative=0 missing=0 duplicate=0 unexpected=0 malformed=0 status=ok digest=sha256:ea65bad2d713a3b01fd3864b8b77cd9376b036adcc0c52aca6f422fdb5675fd9
[mox-sim] aot-publication/v2 domain=module-loader-entry-table expected=0 accounted=0 positive=0 negative=0 missing=0 duplicate=0 unexpected=0 malformed=0 status=ok digest=sha256:14a1ea4827eceb6099f752ac175f21d9feeed50ece269718c7050338ed779cdd
[mox-sim] Loaded compiled module '/proc/self/fd/4': 0 functions, 1 processes, 13 address-bound globals (build: mox-sim-abi-v19-x86_64-unknown-linux-gnu-5ad2837faa747f6aa97b1c71a61be6b3)
[mox-sim] Address-bound global ownership: role=main, module='/proc/self/fd/4', descriptor-declared=13, retained=13
[mox-sim] M3 loaded callable union: artifacts=1 raw-rows=0 demand-rows=0 distinct-demand-keys=0 slot-rows=0 provider-rows=0 checked-keys=0 missing=0 duplicate=0 malformed=0 unresolved=0 dropped=0 digest=sha256:59d63a0f60d4a4659be267525c3ad810d21cd116b1148168ebff96a83e8d310c status=ok
[mox-sim] Stage: init (prev: 0ms, total: 0ms)
[mox-sim] Pre-aliased 13 address-bound globals to .so storage
[mox-sim] Unmapped native func.call policy: default deny runtime bridges and pointer-typed get_/set_/create_/m_initialize* (allow others)
[mox-sim] Loaded 0 compiled functions: 0 native-dispatched, 0 not-native-dispatched, 0 intercepted
[mox-sim] aot-publication/v2 domain=compiled-function-dispatch expected=0 accounted=0 positive=0 negative=0 missing=0 duplicate=0 unexpected=0 malformed=0 status=ok digest=sha256:14a1ea4827eceb6099f752ac175f21d9feeed50ece269718c7050338ed779cdd
[mox-sim] Address-bound final-LLVM-global probes: 13/13 rows, 28/28 bytes bidirectional, owner-generation=1
[mox-sim] Compiled process dispatch: 1/1 processes wired
[mox-sim] aot-publication/v2 domain=process-dispatch expected=1 accounted=1 positive=1 negative=0 missing=0 duplicate=0 unexpected=0 malformed=0 status=ok digest=sha256:979054643387faf73ad0f08f4cac05733060ee3d4ac3b9ff2b77a69eefd36c41
[mox-sim] aot-publication/v2 domain=process-dispatch identity='tb.process_0' outcome=wired polarity=positive reason=''
[mox-sim] Stage: load-compiled (prev: 2ms, total: 2ms)
Using module 'tb' as top module
[mox-sim] Found 1 LLHD processes, 0 LLHD finals, 0 seq.initial blocks, and 0 hw.instance ops (out of 73 total ops) in module
[mox-sim] Registered 8 LLHD signals and 1 LLHD processes/initial blocks
[mox-sim] Receipt: INIT_COMPLETE_OK execution_failure=0 process_dispatches=0
[mox-sim] Stage: run (prev: 0ms, total: 2ms)
[mox-sim] Starting simulation
PASS
[mox-sim] Simulation terminated at time 0 fs (success=true, verbose=true)
[mox-sim] Main loop exit: shouldContinue()=false at time 0 fs, iter=1, deltas=1
[mox-sim] Simulation finished at time 0 fs
[mox-sim] Simulation completed at time 0 fs
[mox-sim] whole-design AOT zero-interpreter gate satisfied: counted process=0 combinational=0 initializer-operation=0 direct-call=0 ABI-demotion=0 deferred-initial-prewait-operation=0 deferred-initial-prewait-binding=PROVEN dpi-export-function-binding=NOT-REQUIRED; residual-compiled-process=false interpreted-continuous-assignment=0 initializer-operation-filtered=0; instrumented-classes=interpreted-process,interpreted-callable,interpreted-continuous-assignment,module-initializer-operation,deferred-initial-prewait-operation measured-classes=interpreted-process,interpreted-callable,interpreted-continuous-assignment,module-initializer-operation,deferred-initial-prewait-operation unavailable-classes=NONE operation-level-other=UNMEASURED
[mox-sim] Simulation completed
