mox-run wall guards: compile=25000ms simulation=disabled
/var/tmp/thomas-ahle/sv-tutorial/src/lessons/sv/indexed-part-select/indexed_part_select.sv:11:26: warning: cannot select range of [11:8] from 'logic[7:0]' [-Wrange-oob]
    partial_slice = data[8 +: 4];
                         ^
[mox-run] parse (5ms, total: 5ms)
[mox-run] lower (3ms, total: 9ms)
[mox-run] simulate (0ms, total: 9ms)
[mox-sim] Auto-enabling --skip-passes for module marked mox.sim.preprocessed
[mox-sim] Stage: passes (prev: 0ms, total: 0ms)
[mox-sim] Stage: init (prev: 0ms, total: 0ms)
Using module 'tb' as top module
[mox-sim] Found 1 LLHD processes, 0 LLHD finals, 0 seq.initial blocks, and 0 hw.instance ops (out of 73 total ops) in module
[mox-sim] Registered 8 LLHD signals and 1 LLHD processes/initial blocks
[mox-sim] Receipt: INIT_COMPLETE_OK execution_failure=0 process_dispatches=0
[mox-sim] Stage: run (prev: 1ms, total: 1ms)
[mox-sim] Starting simulation
FAIL: inside=0101 partial=xxxx
[mox-sim] sim.terminate triggered in process ID 1 at loc("/var/tmp/thomas-ahle/sv-tutorial/src/lessons/sv/indexed-part-select/indexed_part_select.sv":16:5 to :13)
[mox-sim] Simulation terminated at time 0 fs (success=true, verbose=true)
[mox-sim] Main loop exit: shouldContinue()=false at time 0 fs, iter=1, deltas=1
[mox-sim] Simulation finished at time 0 fs
[mox-sim] Simulation completed at time 0 fs
[mox-sim] Simulation completed
