mox-run wall guards: compile=25000ms simulation=disabled
[mox-run] parse (5ms, total: 5ms)
[mox-run] lower (9ms, total: 15ms)
[mox-run] simulate (0ms, total: 16ms)
[mox-sim] Auto-enabling --skip-passes for module marked mox.sim.preprocessed
[mox-sim] Stage: passes (prev: 0ms, total: 0ms)
[mox-sim] Stage: init (prev: 0ms, total: 0ms)
Using module 'tb' as top module
[mox-sim] Found 3 LLHD processes, 0 LLHD finals, 0 seq.initial blocks, and 0 hw.instance ops (out of 238 total ops) in module
[mox-sim] Registered 11 LLHD signals and 3 LLHD processes/initial blocks
[mox-sim] Receipt: INIT_COMPLETE_OK execution_failure=0 process_dispatches=0
[mox-sim] Stage: run (prev: 2ms, total: 2ms)
[mox-sim] Starting simulation
FAIL: initial q=0
[mox-sim] sim.terminate triggered in process ID 3 at loc("/var/tmp/thomas-ahle/sv-tutorial/src/lessons/sv/sequential-udp-init/sequential_udp.sv":19:7 to :15)
[mox-sim] Simulation terminated at time 1000000 fs (success=true, verbose=true)
[mox-sim] Main loop exit: shouldContinue()=false at time 1000000 fs, iter=2, deltas=1
[mox-sim] Simulation finished at time 1000000 fs
[mox-sim] Simulation completed at time 1000000 fs
[mox-sim] Simulation completed
