mox-run wall guards: compile=25000ms simulation=disabled
[mox-run] parse (6ms, total: 6ms)
[mox-run] lower (6ms, total: 13ms)
[mox-run] aot-start (0ms, total: 13ms)
[mox-run] AOT compile log: /tmp/mox-scratch/a8e5ccd3bff512bd85be743cbbba161ae06504793c695db14b39d861ac39713b/session-c7471c0478f9c43c4ffa96444d7b17b9b0b7ef40ca3246514c91a2077fd07894/mox-run-aot-3a1fd9.log
[mox-compile] Wrote /tmp/mox-scratch/a8e5ccd3bff512bd85be743cbbba161ae06504793c695db14b39d861ac39713b/session-c7471c0478f9c43c4ffa96444d7b17b9b0b7ef40ca3246514c91a2077fd07894/mox-run-aot-5f5d86.so (12 processes, 0 functions, 0 trampolines, 1.307399e-01s)
[mox-run] aot-compile (151ms, total: 165ms)
[mox-run] simulate (0ms, total: 165ms)
[mox-sim] Auto-enabling --skip-passes for module marked mox.sim.preprocessed
[mox-sim] Stage: passes (prev: 0ms, total: 0ms)
[mox-sim] aot-publication/v2 domain=module-loader-functions expected=0 accounted=0 positive=0 negative=0 missing=0 duplicate=0 unexpected=0 malformed=0 status=ok digest=sha256:14a1ea4827eceb6099f752ac175f21d9feeed50ece269718c7050338ed779cdd
[mox-sim] aot-publication/v2 domain=module-loader-processes expected=12 accounted=12 positive=12 negative=0 missing=0 duplicate=0 unexpected=0 malformed=0 status=ok digest=sha256:b49357121d2a7397185be420dd861f3f521cd0da2ebe6ca62288cfd4c2f4fd26
[mox-sim] aot-publication/v2 domain=module-loader-address-bound-globals expected=23 accounted=23 positive=23 negative=0 missing=0 duplicate=0 unexpected=0 malformed=0 status=ok digest=sha256:9bb1384a388bab665a273a9ffe17639f480502468ee349c1c54f8d40923dea1a
[mox-sim] aot-publication/v2 domain=module-loader-entry-table expected=0 accounted=0 positive=0 negative=0 missing=0 duplicate=0 unexpected=0 malformed=0 status=ok digest=sha256:14a1ea4827eceb6099f752ac175f21d9feeed50ece269718c7050338ed779cdd
[mox-sim] Loaded compiled module '/proc/self/fd/4': 0 functions, 12 processes, 23 address-bound globals (build: mox-sim-abi-v19-x86_64-unknown-linux-gnu-3d1eefae9548db61d2783ab338afb578)
[mox-sim] Address-bound global ownership: role=main, module='/proc/self/fd/4', descriptor-declared=23, retained=23
[mox-sim] M3 loaded callable union: artifacts=1 raw-rows=0 demand-rows=0 distinct-demand-keys=0 slot-rows=0 provider-rows=0 checked-keys=0 missing=0 duplicate=0 malformed=0 unresolved=0 dropped=0 digest=sha256:b56c89a080906261b76980ef8258933a23d48d3e5b9867b5c9ae457833596fc5 status=ok
[mox-sim] Stage: init (prev: 0ms, total: 0ms)
[mox-sim] Pre-aliased 23 address-bound globals to .so storage
[mox-sim] Unmapped native func.call policy: default deny runtime bridges and pointer-typed get_/set_/create_/m_initialize* (allow others)
[mox-sim] Loaded 0 compiled functions: 0 native-dispatched, 0 not-native-dispatched, 0 intercepted
[mox-sim] aot-publication/v2 domain=compiled-function-dispatch expected=0 accounted=0 positive=0 negative=0 missing=0 duplicate=0 unexpected=0 malformed=0 status=ok digest=sha256:14a1ea4827eceb6099f752ac175f21d9feeed50ece269718c7050338ed779cdd
[mox-sim] Address-bound final-LLVM-global probes: 23/23 rows, 55/55 bytes bidirectional, owner-generation=1
[mox-sim] Compiled process dispatch: 12/12 processes wired
[mox-sim] aot-publication/v2 domain=process-dispatch expected=12 accounted=12 positive=12 negative=0 missing=0 duplicate=0 unexpected=0 malformed=0 status=ok digest=sha256:2603c51b6fa88f1c8aa42fd11a803edfb71c92ffefddd05fd16a4e1ef6646373
[mox-sim] aot-publication/v2 domain=process-dispatch identity='sink.process_0' outcome=wired polarity=positive reason=''
[mox-sim] aot-publication/v2 domain=process-dispatch identity='sink.process_1' outcome=wired polarity=positive reason=''
[mox-sim] aot-publication/v2 domain=process-dispatch identity='source.process_0' outcome=wired polarity=positive reason=''
[mox-sim] aot-publication/v2 domain=process-dispatch identity='source.process_1' outcome=wired polarity=positive reason=''
[mox-sim] aot-publication/v2 domain=process-dispatch identity='source.process_2' outcome=wired polarity=positive reason=''
[mox-sim] aot-publication/v2 domain=process-dispatch identity='tb.process_0' outcome=wired polarity=positive reason=''
[mox-sim] aot-publication/v2 domain=process-dispatch identity='tb.process_1' outcome=wired polarity=positive reason=''
[mox-sim] aot-publication/v2 domain=process-dispatch identity='tb.process_2' outcome=wired polarity=positive reason=''
[mox-sim] aot-publication/v2 domain=process-dispatch identity='tb.process_3' outcome=wired polarity=positive reason=''
[mox-sim] aot-publication/v2 domain=process-dispatch identity='tb.process_4' outcome=wired polarity=positive reason=''
[mox-sim] aot-publication/v2 domain=process-dispatch identity='wrapper.cont_assign_0' outcome=wired polarity=positive reason=''
[mox-sim] aot-publication/v2 domain=process-dispatch identity='wrapper.process_0' outcome=wired polarity=positive reason=''
[mox-sim] Stage: load-compiled (prev: 4ms, total: 5ms)
[mox-sim] Found 5 LLHD processes, 0 LLHD finals, 0 seq.initial blocks, and 3 hw.instance ops (out of 87 total ops) in module
[mox-sim] Registered 11 LLHD signals and 14 LLHD processes/initial blocks
[mox-sim] Receipt: INIT_COMPLETE_OK execution_failure=0 process_dispatches=0
[mox-sim] Stage: run (prev: 0ms, total: 5ms)
[mox-sim] Starting simulation
FAIL: direct=1 nested=0
[mox-sim] Simulation terminated at time 16000000 fs (success=true, verbose=true)
[mox-sim] Main loop exit: shouldContinue()=false at time 16000000 fs, iter=5, deltas=1
[mox-sim] Simulation finished at time 16000000 fs
[mox-sim] Simulation completed at time 16000000 fs
[mox-sim] whole-design AOT zero-interpreter gate satisfied: counted process=0 combinational=0 initializer-operation=0 direct-call=0 ABI-demotion=0 deferred-initial-prewait-operation=0 deferred-initial-prewait-binding=PROVEN dpi-export-function-binding=NOT-REQUIRED; residual-compiled-process=false interpreted-continuous-assignment=0 initializer-operation-filtered=0; instrumented-classes=interpreted-process,interpreted-callable,interpreted-continuous-assignment,module-initializer-operation,deferred-initial-prewait-operation measured-classes=interpreted-process,interpreted-callable,interpreted-continuous-assignment,module-initializer-operation,deferred-initial-prewait-operation unavailable-classes=NONE operation-level-other=UNMEASURED
[mox-sim] Simulation completed
